19:36:02 **** Build of project yolov2_coco_bsp ****
make -k all 
"Running Make include in ps7_cortexa9_0/libsrc/coresightps_dcc_v1_4/src"
make -C ps7_cortexa9_0/libsrc/coresightps_dcc_v1_4/src -s include  "SHELL=CMD" "COMPILER=arm-none-eabi-gcc" "ARCHIVER=arm-none-eabi-ar" "COMPILER_FLAGS=  -O2 -c" "EXTRA_COMPILER_FLAGS=-mcpu=cortex-a9 -mfpu=vfpv3 -mfloat-abi=hard -nostartfiles -g -Wall -Wextra"
"Running Make include in ps7_cortexa9_0/libsrc/cpu_cortexa9_v2_7/src"
make -C ps7_cortexa9_0/libsrc/cpu_cortexa9_v2_7/src -s include  "SHELL=CMD" "COMPILER=arm-none-eabi-gcc" "ARCHIVER=arm-none-eabi-ar" "COMPILER_FLAGS=  -O2 -c" "EXTRA_COMPILER_FLAGS=-mcpu=cortex-a9 -mfpu=vfpv3 -mfloat-abi=hard -nostartfiles -g -Wall -Wextra"
"Running Make include in ps7_cortexa9_0/libsrc/ddrps_v1_0/src"
make -C ps7_cortexa9_0/libsrc/ddrps_v1_0/src -s include  "SHELL=CMD" "COMPILER=arm-none-eabi-gcc" "ARCHIVER=arm-none-eabi-ar" "COMPILER_FLAGS=  -O2 -c" "EXTRA_COMPILER_FLAGS=-mcpu=cortex-a9 -mfpu=vfpv3 -mfloat-abi=hard -nostartfiles -g -Wall -Wextra"
"Running Make include in ps7_cortexa9_0/libsrc/devcfg_v3_5/src"
make -C ps7_cortexa9_0/libsrc/devcfg_v3_5/src -s include  "SHELL=CMD" "COMPILER=arm-none-eabi-gcc" "ARCHIVER=arm-none-eabi-ar" "COMPILER_FLAGS=  -O2 -c" "EXTRA_COMPILER_FLAGS=-mcpu=cortex-a9 -mfpu=vfpv3 -mfloat-abi=hard -nostartfiles -g -Wall -Wextra"
"Running Make include in ps7_cortexa9_0/libsrc/dmaps_v2_4/src"
make -C ps7_cortexa9_0/libsrc/dmaps_v2_4/src -s include  "SHELL=CMD" "COMPILER=arm-none-eabi-gcc" "ARCHIVER=arm-none-eabi-ar" "COMPILER_FLAGS=  -O2 -c" "EXTRA_COMPILER_FLAGS=-mcpu=cortex-a9 -mfpu=vfpv3 -mfloat-abi=hard -nostartfiles -g -Wall -Wextra"
"Running Make include in ps7_cortexa9_0/libsrc/emacps_v3_8/src"
make -C ps7_cortexa9_0/libsrc/emacps_v3_8/src -s include  "SHELL=CMD" "COMPILER=arm-none-eabi-gcc" "ARCHIVER=arm-none-eabi-ar" "COMPILER_FLAGS=  -O2 -c" "EXTRA_COMPILER_FLAGS=-mcpu=cortex-a9 -mfpu=vfpv3 -mfloat-abi=hard -nostartfiles -g -Wall -Wextra"
"Running Make include in ps7_cortexa9_0/libsrc/gpiops_v3_4/src"
make -C ps7_cortexa9_0/libsrc/gpiops_v3_4/src -s include  "SHELL=CMD" "COMPILER=arm-none-eabi-gcc" "ARCHIVER=arm-none-eabi-ar" "COMPILER_FLAGS=  -O2 -c" "EXTRA_COMPILER_FLAGS=-mcpu=cortex-a9 -mfpu=vfpv3 -mfloat-abi=hard -nostartfiles -g -Wall -Wextra"
"Running Make include in ps7_cortexa9_0/libsrc/qspips_v3_5/src"
make -C ps7_cortexa9_0/libsrc/qspips_v3_5/src -s include  "SHELL=CMD" "COMPILER=arm-none-eabi-gcc" "ARCHIVER=arm-none-eabi-ar" "COMPILER_FLAGS=  -O2 -c" "EXTRA_COMPILER_FLAGS=-mcpu=cortex-a9 -mfpu=vfpv3 -mfloat-abi=hard -nostartfiles -g -Wall -Wextra"
"Running Make include in ps7_cortexa9_0/libsrc/scugic_v3_10/src"
make -C ps7_cortexa9_0/libsrc/scugic_v3_10/src -s include  "SHELL=CMD" "COMPILER=arm-none-eabi-gcc" "ARCHIVER=arm-none-eabi-ar" "COMPILER_FLAGS=  -O2 -c" "EXTRA_COMPILER_FLAGS=-mcpu=cortex-a9 -mfpu=vfpv3 -mfloat-abi=hard -nostartfiles -g -Wall -Wextra"
"Running Make include in ps7_cortexa9_0/libsrc/scutimer_v2_1/src"
make -C ps7_cortexa9_0/libsrc/scutimer_v2_1/src -s include  "SHELL=CMD" "COMPILER=arm-none-eabi-gcc" "ARCHIVER=arm-none-eabi-ar" "COMPILER_FLAGS=  -O2 -c" "EXTRA_COMPILER_FLAGS=-mcpu=cortex-a9 -mfpu=vfpv3 -mfloat-abi=hard -nostartfiles -g -Wall -Wextra"
"Running Make include in ps7_cortexa9_0/libsrc/scuwdt_v2_1/src"
make -C ps7_cortexa9_0/libsrc/scuwdt_v2_1/src -s include  "SHELL=CMD" "COMPILER=arm-none-eabi-gcc" "ARCHIVER=arm-none-eabi-ar" "COMPILER_FLAGS=  -O2 -c" "EXTRA_COMPILER_FLAGS=-mcpu=cortex-a9 -mfpu=vfpv3 -mfloat-abi=hard -nostartfiles -g -Wall -Wextra"
"Running Make include in ps7_cortexa9_0/libsrc/sdps_v3_6/src"
make -C ps7_cortexa9_0/libsrc/sdps_v3_6/src -s include  "SHELL=CMD" "COMPILER=arm-none-eabi-gcc" "ARCHIVER=arm-none-eabi-ar" "COMPILER_FLAGS=  -O2 -c" "EXTRA_COMPILER_FLAGS=-mcpu=cortex-a9 -mfpu=vfpv3 -mfloat-abi=hard -nostartfiles -g -Wall -Wextra"
"Running Make include in ps7_cortexa9_0/libsrc/standalone_v6_8/src"
make -C ps7_cortexa9_0/libsrc/standalone_v6_8/src -s include  "SHELL=CMD" "COMPILER=arm-none-eabi-gcc" "ARCHIVER=arm-none-eabi-ar" "COMPILER_FLAGS=  -O2 -c" "EXTRA_COMPILER_FLAGS=-mcpu=cortex-a9 -mfpu=vfpv3 -mfloat-abi=hard -nostartfiles -g -Wall -Wextra"
"Running Make include in ps7_cortexa9_0/libsrc/uartps_v3_7/src"
make -C ps7_cortexa9_0/libsrc/uartps_v3_7/src -s include  "SHELL=CMD" "COMPILER=arm-none-eabi-gcc" "ARCHIVER=arm-none-eabi-ar" "COMPILER_FLAGS=  -O2 -c" "EXTRA_COMPILER_FLAGS=-mcpu=cortex-a9 -mfpu=vfpv3 -mfloat-abi=hard -nostartfiles -g -Wall -Wextra"
"Running Make include in ps7_cortexa9_0/libsrc/usbps_v2_4/src"
make -C ps7_cortexa9_0/libsrc/usbps_v2_4/src -s include  "SHELL=CMD" "COMPILER=arm-none-eabi-gcc" "ARCHIVER=arm-none-eabi-ar" "COMPILER_FLAGS=  -O2 -c" "EXTRA_COMPILER_FLAGS=-mcpu=cortex-a9 -mfpu=vfpv3 -mfloat-abi=hard -nostartfiles -g -Wall -Wextra"
"Running Make include in ps7_cortexa9_0/libsrc/xadcps_v2_3/src"
make -C ps7_cortexa9_0/libsrc/xadcps_v2_3/src -s include  "SHELL=CMD" "COMPILER=arm-none-eabi-gcc" "ARCHIVER=arm-none-eabi-ar" "COMPILER_FLAGS=  -O2 -c" "EXTRA_COMPILER_FLAGS=-mcpu=cortex-a9 -mfpu=vfpv3 -mfloat-abi=hard -nostartfiles -g -Wall -Wextra"
"Running Make include in ps7_cortexa9_0/libsrc/YOLO2_FPGA_v1_0/src"
make -C ps7_cortexa9_0/libsrc/YOLO2_FPGA_v1_0/src -s include  "SHELL=CMD" "COMPILER=arm-none-eabi-gcc" "ARCHIVER=arm-none-eabi-ar" "COMPILER_FLAGS=  -O2 -c" "EXTRA_COMPILER_FLAGS=-mcpu=cortex-a9 -mfpu=vfpv3 -mfloat-abi=hard -nostartfiles -g -Wall -Wextra"
"Running Make libs in ps7_cortexa9_0/libsrc/coresightps_dcc_v1_4/src"
make -C ps7_cortexa9_0/libsrc/coresightps_dcc_v1_4/src -s libs  "SHELL=CMD" "COMPILER=arm-none-eabi-gcc" "ARCHIVER=arm-none-eabi-ar" "COMPILER_FLAGS=  -O2 -c" "EXTRA_COMPILER_FLAGS=-mcpu=cortex-a9 -mfpu=vfpv3 -mfloat-abi=hard -nostartfiles -g -Wall -Wextra"
"Compiling coresightps_dcc"
arm-none-eabi-ar: creating ../../../lib/libxil.a
"Running Make libs in ps7_cortexa9_0/libsrc/cpu_cortexa9_v2_7/src"
make -C ps7_cortexa9_0/libsrc/cpu_cortexa9_v2_7/src -s libs  "SHELL=CMD" "COMPILER=arm-none-eabi-gcc" "ARCHIVER=arm-none-eabi-ar" "COMPILER_FLAGS=  -O2 -c" "EXTRA_COMPILER_FLAGS=-mcpu=cortex-a9 -mfpu=vfpv3 -mfloat-abi=hard -nostartfiles -g -Wall -Wextra"
"Compiling cpu_cortexa9"
"Running Make libs in ps7_cortexa9_0/libsrc/ddrps_v1_0/src"
make -C ps7_cortexa9_0/libsrc/ddrps_v1_0/src -s libs  "SHELL=CMD" "COMPILER=arm-none-eabi-gcc" "ARCHIVER=arm-none-eabi-ar" "COMPILER_FLAGS=  -O2 -c" "EXTRA_COMPILER_FLAGS=-mcpu=cortex-a9 -mfpu=vfpv3 -mfloat-abi=hard -nostartfiles -g -Wall -Wextra"
"Compiling ddrps"
"Running Make libs in ps7_cortexa9_0/libsrc/devcfg_v3_5/src"
make -C ps7_cortexa9_0/libsrc/devcfg_v3_5/src -s libs  "SHELL=CMD" "COMPILER=arm-none-eabi-gcc" "ARCHIVER=arm-none-eabi-ar" "COMPILER_FLAGS=  -O2 -c" "EXTRA_COMPILER_FLAGS=-mcpu=cortex-a9 -mfpu=vfpv3 -mfloat-abi=hard -nostartfiles -g -Wall -Wextra"
"Compiling devcfg"
"Running Make libs in ps7_cortexa9_0/libsrc/dmaps_v2_4/src"
make -C ps7_cortexa9_0/libsrc/dmaps_v2_4/src -s libs  "SHELL=CMD" "COMPILER=arm-none-eabi-gcc" "ARCHIVER=arm-none-eabi-ar" "COMPILER_FLAGS=  -O2 -c" "EXTRA_COMPILER_FLAGS=-mcpu=cortex-a9 -mfpu=vfpv3 -mfloat-abi=hard -nostartfiles -g -Wall -Wextra"
"Compiling dmaps"
"Running Make libs in ps7_cortexa9_0/libsrc/emacps_v3_8/src"
make -C ps7_cortexa9_0/libsrc/emacps_v3_8/src -s libs  "SHELL=CMD" "COMPILER=arm-none-eabi-gcc" "ARCHIVER=arm-none-eabi-ar" "COMPILER_FLAGS=  -O2 -c" "EXTRA_COMPILER_FLAGS=-mcpu=cortex-a9 -mfpu=vfpv3 -mfloat-abi=hard -nostartfiles -g -Wall -Wextra"
"Compiling emacps"
"Running Make libs in ps7_cortexa9_0/libsrc/gpiops_v3_4/src"
make -C ps7_cortexa9_0/libsrc/gpiops_v3_4/src -s libs  "SHELL=CMD" "COMPILER=arm-none-eabi-gcc" "ARCHIVER=arm-none-eabi-ar" "COMPILER_FLAGS=  -O2 -c" "EXTRA_COMPILER_FLAGS=-mcpu=cortex-a9 -mfpu=vfpv3 -mfloat-abi=hard -nostartfiles -g -Wall -Wextra"
"Compiling gpiops"
"Running Make libs in ps7_cortexa9_0/libsrc/qspips_v3_5/src"
make -C ps7_cortexa9_0/libsrc/qspips_v3_5/src -s libs  "SHELL=CMD" "COMPILER=arm-none-eabi-gcc" "ARCHIVER=arm-none-eabi-ar" "COMPILER_FLAGS=  -O2 -c" "EXTRA_COMPILER_FLAGS=-mcpu=cortex-a9 -mfpu=vfpv3 -mfloat-abi=hard -nostartfiles -g -Wall -Wextra"
"Compiling qspips"
"Running Make libs in ps7_cortexa9_0/libsrc/scugic_v3_10/src"
make -C ps7_cortexa9_0/libsrc/scugic_v3_10/src -s libs  "SHELL=CMD" "COMPILER=arm-none-eabi-gcc" "ARCHIVER=arm-none-eabi-ar" "COMPILER_FLAGS=  -O2 -c" "EXTRA_COMPILER_FLAGS=-mcpu=cortex-a9 -mfpu=vfpv3 -mfloat-abi=hard -nostartfiles -g -Wall -Wextra"
"Compiling scugic"
"Running Make libs in ps7_cortexa9_0/libsrc/scutimer_v2_1/src"
make -C ps7_cortexa9_0/libsrc/scutimer_v2_1/src -s libs  "SHELL=CMD" "COMPILER=arm-none-eabi-gcc" "ARCHIVER=arm-none-eabi-ar" "COMPILER_FLAGS=  -O2 -c" "EXTRA_COMPILER_FLAGS=-mcpu=cortex-a9 -mfpu=vfpv3 -mfloat-abi=hard -nostartfiles -g -Wall -Wextra"
"Compiling scutimer"
"Running Make libs in ps7_cortexa9_0/libsrc/scuwdt_v2_1/src"
make -C ps7_cortexa9_0/libsrc/scuwdt_v2_1/src -s libs  "SHELL=CMD" "COMPILER=arm-none-eabi-gcc" "ARCHIVER=arm-none-eabi-ar" "COMPILER_FLAGS=  -O2 -c" "EXTRA_COMPILER_FLAGS=-mcpu=cortex-a9 -mfpu=vfpv3 -mfloat-abi=hard -nostartfiles -g -Wall -Wextra"
"Compiling scuwdt"
"Running Make libs in ps7_cortexa9_0/libsrc/sdps_v3_6/src"
make -C ps7_cortexa9_0/libsrc/sdps_v3_6/src -s libs  "SHELL=CMD" "COMPILER=arm-none-eabi-gcc" "ARCHIVER=arm-none-eabi-ar" "COMPILER_FLAGS=  -O2 -c" "EXTRA_COMPILER_FLAGS=-mcpu=cortex-a9 -mfpu=vfpv3 -mfloat-abi=hard -nostartfiles -g -Wall -Wextra"
"Compiling sdps"
"Running Make libs in ps7_cortexa9_0/libsrc/standalone_v6_8/src"
make -C ps7_cortexa9_0/libsrc/standalone_v6_8/src -s libs  "SHELL=CMD" "COMPILER=arm-none-eabi-gcc" "ARCHIVER=arm-none-eabi-ar" "COMPILER_FLAGS=  -O2 -c" "EXTRA_COMPILER_FLAGS=-mcpu=cortex-a9 -mfpu=vfpv3 -mfloat-abi=hard -nostartfiles -g -Wall -Wextra"
"Compiling standalone"
In file included from usleep.c:56:0:
xtime_l.h:87:9: note: #pragma message: For the sleep routines, Global timer is being used
 #pragma message ("For the sleep routines, Global timer is being used")
         ^~~~~~~
In file included from xil_sleeptimer.c:51:0:
xtime_l.h:87:9: note: #pragma message: For the sleep routines, Global timer is being used
 #pragma message ("For the sleep routines, Global timer is being used")
         ^~~~~~~
In file included from xtime_l.c:49:0:
xtime_l.h:87:9: note: #pragma message: For the sleep routines, Global timer is being used
 #pragma message ("For the sleep routines, Global timer is being used")
         ^~~~~~~
In file included from sleep.c:53:0:
xtime_l.h:87:9: note: #pragma message: For the sleep routines, Global timer is being used
 #pragma message ("For the sleep routines, Global timer is being used")
         ^~~~~~~
"Running Make libs in ps7_cortexa9_0/libsrc/uartps_v3_7/src"
make -C ps7_cortexa9_0/libsrc/uartps_v3_7/src -s libs  "SHELL=CMD" "COMPILER=arm-none-eabi-gcc" "ARCHIVER=arm-none-eabi-ar" "COMPILER_FLAGS=  -O2 -c" "EXTRA_COMPILER_FLAGS=-mcpu=cortex-a9 -mfpu=vfpv3 -mfloat-abi=hard -nostartfiles -g -Wall -Wextra"
"Compiling uartps"
"Running Make libs in ps7_cortexa9_0/libsrc/usbps_v2_4/src"
make -C ps7_cortexa9_0/libsrc/usbps_v2_4/src -s libs  "SHELL=CMD" "COMPILER=arm-none-eabi-gcc" "ARCHIVER=arm-none-eabi-ar" "COMPILER_FLAGS=  -O2 -c" "EXTRA_COMPILER_FLAGS=-mcpu=cortex-a9 -mfpu=vfpv3 -mfloat-abi=hard -nostartfiles -g -Wall -Wextra"
"Compiling usbps"
"Running Make libs in ps7_cortexa9_0/libsrc/xadcps_v2_3/src"
make -C ps7_cortexa9_0/libsrc/xadcps_v2_3/src -s libs  "SHELL=CMD" "COMPILER=arm-none-eabi-gcc" "ARCHIVER=arm-none-eabi-ar" "COMPILER_FLAGS=  -O2 -c" "EXTRA_COMPILER_FLAGS=-mcpu=cortex-a9 -mfpu=vfpv3 -mfloat-abi=hard -nostartfiles -g -Wall -Wextra"
"Compiling xadcps"
"Running Make libs in ps7_cortexa9_0/libsrc/YOLO2_FPGA_v1_0/src"
make -C ps7_cortexa9_0/libsrc/YOLO2_FPGA_v1_0/src -s libs  "SHELL=CMD" "COMPILER=arm-none-eabi-gcc" "ARCHIVER=arm-none-eabi-ar" "COMPILER_FLAGS=  -O2 -c" "EXTRA_COMPILER_FLAGS=-mcpu=cortex-a9 -mfpu=vfpv3 -mfloat-abi=hard -nostartfiles -g -Wall -Wextra"
"Compiling YOLO2_FPGA"
'Finished building libraries'
19:36:29 **** Build of configuration Debug for project yolov2_coco ****
make pre-build main-build 
a9-linaro-pre-build-step
' '
'Building file: ../src/helloworld.c'
'Invoking: ARM v7 gcc compiler'
arm-none-eabi-gcc -Wall -O0 -g3 -c -fmessage-length=0 -MT"src/helloworld.o" -mcpu=cortex-a9 -mfpu=vfpv3 -mfloat-abi=hard -I../../yolov2_coco_bsp/ps7_cortexa9_0/include -MMD -MP -MF"src/helloworld.d" -MT"src/helloworld.o" -o "src/helloworld.o" "../src/helloworld.c"
'Finished building: ../src/helloworld.c'
' '
'Building file: ../src/platform.c'
'Invoking: ARM v7 gcc compiler'
arm-none-eabi-gcc -Wall -O0 -g3 -c -fmessage-length=0 -MT"src/platform.o" -mcpu=cortex-a9 -mfpu=vfpv3 -mfloat-abi=hard -I../../yolov2_coco_bsp/ps7_cortexa9_0/include -MMD -MP -MF"src/platform.d" -MT"src/platform.o" -o "src/platform.o" "../src/platform.c"
'Finished building: ../src/platform.c'
' '
'Building target: yolov2_coco.elf'
'Invoking: ARM v7 gcc linker'
arm-none-eabi-gcc -mcpu=cortex-a9 -mfpu=vfpv3 -mfloat-abi=hard -Wl,-build-id=none -specs=Xilinx.spec -Wl,-T -Wl,../src/lscript.ld -L../../yolov2_coco_bsp/ps7_cortexa9_0/lib -o "yolov2_coco.elf"  ./src/helloworld.o ./src/platform.o   -Wl,--start-group,-lxil,-lgcc,-lc,--end-group
'Finished building target: yolov2_coco.elf'
' '
'Invoking: ARM v7 Print Size'
arm-none-eabi-size yolov2_coco.elf  |tee "yolov2_coco.elf.size"
   text	   data	    bss	    dec	    hex	filename
  19352	   1144	  22568	  43064	   a838	yolov2_coco.elf
'Finished building: yolov2_coco.elf.size'
' '
19:39:49 **** Incremental Build of configuration Debug for project yolov2_coco ****
make pre-build main-build 
a9-linaro-pre-build-step
' '
make: Nothing to be done for 'main-build'.
19:41:56 **** Incremental Build of configuration Debug for project yolov2_coco ****
make pre-build main-build 
a9-linaro-pre-build-step
' '
make: Nothing to be done for 'main-build'.
16:11:00 **** Auto Build of project yolov2_coco_bsp ****
make -k all 
"Running Make include in ps7_cortexa9_0/libsrc/coresightps_dcc_v1_4/src"
make -C ps7_cortexa9_0/libsrc/coresightps_dcc_v1_4/src -s include  "SHELL=CMD" "COMPILER=arm-none-eabi-gcc" "ARCHIVER=arm-none-eabi-ar" "COMPILER_FLAGS=  -O2 -c" "EXTRA_COMPILER_FLAGS=-mcpu=cortex-a9 -mfpu=vfpv3 -mfloat-abi=hard -nostartfiles -g -Wall -Wextra"
"Running Make include in ps7_cortexa9_0/libsrc/cpu_cortexa9_v2_7/src"
make -C ps7_cortexa9_0/libsrc/cpu_cortexa9_v2_7/src -s include  "SHELL=CMD" "COMPILER=arm-none-eabi-gcc" "ARCHIVER=arm-none-eabi-ar" "COMPILER_FLAGS=  -O2 -c" "EXTRA_COMPILER_FLAGS=-mcpu=cortex-a9 -mfpu=vfpv3 -mfloat-abi=hard -nostartfiles -g -Wall -Wextra"
"Running Make include in ps7_cortexa9_0/libsrc/ddrps_v1_0/src"
make -C ps7_cortexa9_0/libsrc/ddrps_v1_0/src -s include  "SHELL=CMD" "COMPILER=arm-none-eabi-gcc" "ARCHIVER=arm-none-eabi-ar" "COMPILER_FLAGS=  -O2 -c" "EXTRA_COMPILER_FLAGS=-mcpu=cortex-a9 -mfpu=vfpv3 -mfloat-abi=hard -nostartfiles -g -Wall -Wextra"
"Running Make include in ps7_cortexa9_0/libsrc/devcfg_v3_5/src"
make -C ps7_cortexa9_0/libsrc/devcfg_v3_5/src -s include  "SHELL=CMD" "COMPILER=arm-none-eabi-gcc" "ARCHIVER=arm-none-eabi-ar" "COMPILER_FLAGS=  -O2 -c" "EXTRA_COMPILER_FLAGS=-mcpu=cortex-a9 -mfpu=vfpv3 -mfloat-abi=hard -nostartfiles -g -Wall -Wextra"
"Running Make include in ps7_cortexa9_0/libsrc/dmaps_v2_4/src"
make -C ps7_cortexa9_0/libsrc/dmaps_v2_4/src -s include  "SHELL=CMD" "COMPILER=arm-none-eabi-gcc" "ARCHIVER=arm-none-eabi-ar" "COMPILER_FLAGS=  -O2 -c" "EXTRA_COMPILER_FLAGS=-mcpu=cortex-a9 -mfpu=vfpv3 -mfloat-abi=hard -nostartfiles -g -Wall -Wextra"
"Running Make include in ps7_cortexa9_0/libsrc/emacps_v3_8/src"
make -C ps7_cortexa9_0/libsrc/emacps_v3_8/src -s include  "SHELL=CMD" "COMPILER=arm-none-eabi-gcc" "ARCHIVER=arm-none-eabi-ar" "COMPILER_FLAGS=  -O2 -c" "EXTRA_COMPILER_FLAGS=-mcpu=cortex-a9 -mfpu=vfpv3 -mfloat-abi=hard -nostartfiles -g -Wall -Wextra"
"Running Make include in ps7_cortexa9_0/libsrc/gpiops_v3_4/src"
make -C ps7_cortexa9_0/libsrc/gpiops_v3_4/src -s include  "SHELL=CMD" "COMPILER=arm-none-eabi-gcc" "ARCHIVER=arm-none-eabi-ar" "COMPILER_FLAGS=  -O2 -c" "EXTRA_COMPILER_FLAGS=-mcpu=cortex-a9 -mfpu=vfpv3 -mfloat-abi=hard -nostartfiles -g -Wall -Wextra"
"Running Make include in ps7_cortexa9_0/libsrc/qspips_v3_5/src"
make -C ps7_cortexa9_0/libsrc/qspips_v3_5/src -s include  "SHELL=CMD" "COMPILER=arm-none-eabi-gcc" "ARCHIVER=arm-none-eabi-ar" "COMPILER_FLAGS=  -O2 -c" "EXTRA_COMPILER_FLAGS=-mcpu=cortex-a9 -mfpu=vfpv3 -mfloat-abi=hard -nostartfiles -g -Wall -Wextra"
"Running Make include in ps7_cortexa9_0/libsrc/scugic_v3_10/src"
make -C ps7_cortexa9_0/libsrc/scugic_v3_10/src -s include  "SHELL=CMD" "COMPILER=arm-none-eabi-gcc" "ARCHIVER=arm-none-eabi-ar" "COMPILER_FLAGS=  -O2 -c" "EXTRA_COMPILER_FLAGS=-mcpu=cortex-a9 -mfpu=vfpv3 -mfloat-abi=hard -nostartfiles -g -Wall -Wextra"
"Running Make include in ps7_cortexa9_0/libsrc/scutimer_v2_1/src"
make -C ps7_cortexa9_0/libsrc/scutimer_v2_1/src -s include  "SHELL=CMD" "COMPILER=arm-none-eabi-gcc" "ARCHIVER=arm-none-eabi-ar" "COMPILER_FLAGS=  -O2 -c" "EXTRA_COMPILER_FLAGS=-mcpu=cortex-a9 -mfpu=vfpv3 -mfloat-abi=hard -nostartfiles -g -Wall -Wextra"
"Running Make include in ps7_cortexa9_0/libsrc/scuwdt_v2_1/src"
make -C ps7_cortexa9_0/libsrc/scuwdt_v2_1/src -s include  "SHELL=CMD" "COMPILER=arm-none-eabi-gcc" "ARCHIVER=arm-none-eabi-ar" "COMPILER_FLAGS=  -O2 -c" "EXTRA_COMPILER_FLAGS=-mcpu=cortex-a9 -mfpu=vfpv3 -mfloat-abi=hard -nostartfiles -g -Wall -Wextra"
"Running Make include in ps7_cortexa9_0/libsrc/sdps_v3_6/src"
make -C ps7_cortexa9_0/libsrc/sdps_v3_6/src -s include  "SHELL=CMD" "COMPILER=arm-none-eabi-gcc" "ARCHIVER=arm-none-eabi-ar" "COMPILER_FLAGS=  -O2 -c" "EXTRA_COMPILER_FLAGS=-mcpu=cortex-a9 -mfpu=vfpv3 -mfloat-abi=hard -nostartfiles -g -Wall -Wextra"
"Running Make include in ps7_cortexa9_0/libsrc/standalone_v6_8/src"
make -C ps7_cortexa9_0/libsrc/standalone_v6_8/src -s include  "SHELL=CMD" "COMPILER=arm-none-eabi-gcc" "ARCHIVER=arm-none-eabi-ar" "COMPILER_FLAGS=  -O2 -c" "EXTRA_COMPILER_FLAGS=-mcpu=cortex-a9 -mfpu=vfpv3 -mfloat-abi=hard -nostartfiles -g -Wall -Wextra"
"Running Make include in ps7_cortexa9_0/libsrc/uartps_v3_7/src"
make -C ps7_cortexa9_0/libsrc/uartps_v3_7/src -s include  "SHELL=CMD" "COMPILER=arm-none-eabi-gcc" "ARCHIVER=arm-none-eabi-ar" "COMPILER_FLAGS=  -O2 -c" "EXTRA_COMPILER_FLAGS=-mcpu=cortex-a9 -mfpu=vfpv3 -mfloat-abi=hard -nostartfiles -g -Wall -Wextra"
"Running Make include in ps7_cortexa9_0/libsrc/usbps_v2_4/src"
make -C ps7_cortexa9_0/libsrc/usbps_v2_4/src -s include  "SHELL=CMD" "COMPILER=arm-none-eabi-gcc" "ARCHIVER=arm-none-eabi-ar" "COMPILER_FLAGS=  -O2 -c" "EXTRA_COMPILER_FLAGS=-mcpu=cortex-a9 -mfpu=vfpv3 -mfloat-abi=hard -nostartfiles -g -Wall -Wextra"
"Running Make include in ps7_cortexa9_0/libsrc/xadcps_v2_3/src"
make -C ps7_cortexa9_0/libsrc/xadcps_v2_3/src -s include  "SHELL=CMD" "COMPILER=arm-none-eabi-gcc" "ARCHIVER=arm-none-eabi-ar" "COMPILER_FLAGS=  -O2 -c" "EXTRA_COMPILER_FLAGS=-mcpu=cortex-a9 -mfpu=vfpv3 -mfloat-abi=hard -nostartfiles -g -Wall -Wextra"
"Running Make include in ps7_cortexa9_0/libsrc/YOLO2_FPGA_v1_0/src"
make -C ps7_cortexa9_0/libsrc/YOLO2_FPGA_v1_0/src -s include  "SHELL=CMD" "COMPILER=arm-none-eabi-gcc" "ARCHIVER=arm-none-eabi-ar" "COMPILER_FLAGS=  -O2 -c" "EXTRA_COMPILER_FLAGS=-mcpu=cortex-a9 -mfpu=vfpv3 -mfloat-abi=hard -nostartfiles -g -Wall -Wextra"
"Running Make libs in ps7_cortexa9_0/libsrc/coresightps_dcc_v1_4/src"
make -C ps7_cortexa9_0/libsrc/coresightps_dcc_v1_4/src -s libs  "SHELL=CMD" "COMPILER=arm-none-eabi-gcc" "ARCHIVER=arm-none-eabi-ar" "COMPILER_FLAGS=  -O2 -c" "EXTRA_COMPILER_FLAGS=-mcpu=cortex-a9 -mfpu=vfpv3 -mfloat-abi=hard -nostartfiles -g -Wall -Wextra"
"Compiling coresightps_dcc"
"Running Make libs in ps7_cortexa9_0/libsrc/cpu_cortexa9_v2_7/src"
make -C ps7_cortexa9_0/libsrc/cpu_cortexa9_v2_7/src -s libs  "SHELL=CMD" "COMPILER=arm-none-eabi-gcc" "ARCHIVER=arm-none-eabi-ar" "COMPILER_FLAGS=  -O2 -c" "EXTRA_COMPILER_FLAGS=-mcpu=cortex-a9 -mfpu=vfpv3 -mfloat-abi=hard -nostartfiles -g -Wall -Wextra"
"Compiling cpu_cortexa9"
"Running Make libs in ps7_cortexa9_0/libsrc/ddrps_v1_0/src"
make -C ps7_cortexa9_0/libsrc/ddrps_v1_0/src -s libs  "SHELL=CMD" "COMPILER=arm-none-eabi-gcc" "ARCHIVER=arm-none-eabi-ar" "COMPILER_FLAGS=  -O2 -c" "EXTRA_COMPILER_FLAGS=-mcpu=cortex-a9 -mfpu=vfpv3 -mfloat-abi=hard -nostartfiles -g -Wall -Wextra"
"Compiling ddrps"
"Running Make libs in ps7_cortexa9_0/libsrc/devcfg_v3_5/src"
make -C ps7_cortexa9_0/libsrc/devcfg_v3_5/src -s libs  "SHELL=CMD" "COMPILER=arm-none-eabi-gcc" "ARCHIVER=arm-none-eabi-ar" "COMPILER_FLAGS=  -O2 -c" "EXTRA_COMPILER_FLAGS=-mcpu=cortex-a9 -mfpu=vfpv3 -mfloat-abi=hard -nostartfiles -g -Wall -Wextra"
"Compiling devcfg"
"Running Make libs in ps7_cortexa9_0/libsrc/dmaps_v2_4/src"
make -C ps7_cortexa9_0/libsrc/dmaps_v2_4/src -s libs  "SHELL=CMD" "COMPILER=arm-none-eabi-gcc" "ARCHIVER=arm-none-eabi-ar" "COMPILER_FLAGS=  -O2 -c" "EXTRA_COMPILER_FLAGS=-mcpu=cortex-a9 -mfpu=vfpv3 -mfloat-abi=hard -nostartfiles -g -Wall -Wextra"
"Compiling dmaps"
"Running Make libs in ps7_cortexa9_0/libsrc/emacps_v3_8/src"
make -C ps7_cortexa9_0/libsrc/emacps_v3_8/src -s libs  "SHELL=CMD" "COMPILER=arm-none-eabi-gcc" "ARCHIVER=arm-none-eabi-ar" "COMPILER_FLAGS=  -O2 -c" "EXTRA_COMPILER_FLAGS=-mcpu=cortex-a9 -mfpu=vfpv3 -mfloat-abi=hard -nostartfiles -g -Wall -Wextra"
"Compiling emacps"
"Running Make libs in ps7_cortexa9_0/libsrc/gpiops_v3_4/src"
make -C ps7_cortexa9_0/libsrc/gpiops_v3_4/src -s libs  "SHELL=CMD" "COMPILER=arm-none-eabi-gcc" "ARCHIVER=arm-none-eabi-ar" "COMPILER_FLAGS=  -O2 -c" "EXTRA_COMPILER_FLAGS=-mcpu=cortex-a9 -mfpu=vfpv3 -mfloat-abi=hard -nostartfiles -g -Wall -Wextra"
"Compiling gpiops"
"Running Make libs in ps7_cortexa9_0/libsrc/qspips_v3_5/src"
make -C ps7_cortexa9_0/libsrc/qspips_v3_5/src -s libs  "SHELL=CMD" "COMPILER=arm-none-eabi-gcc" "ARCHIVER=arm-none-eabi-ar" "COMPILER_FLAGS=  -O2 -c" "EXTRA_COMPILER_FLAGS=-mcpu=cortex-a9 -mfpu=vfpv3 -mfloat-abi=hard -nostartfiles -g -Wall -Wextra"
"Compiling qspips"
"Running Make libs in ps7_cortexa9_0/libsrc/scugic_v3_10/src"
make -C ps7_cortexa9_0/libsrc/scugic_v3_10/src -s libs  "SHELL=CMD" "COMPILER=arm-none-eabi-gcc" "ARCHIVER=arm-none-eabi-ar" "COMPILER_FLAGS=  -O2 -c" "EXTRA_COMPILER_FLAGS=-mcpu=cortex-a9 -mfpu=vfpv3 -mfloat-abi=hard -nostartfiles -g -Wall -Wextra"
"Compiling scugic"
"Running Make libs in ps7_cortexa9_0/libsrc/scutimer_v2_1/src"
make -C ps7_cortexa9_0/libsrc/scutimer_v2_1/src -s libs  "SHELL=CMD" "COMPILER=arm-none-eabi-gcc" "ARCHIVER=arm-none-eabi-ar" "COMPILER_FLAGS=  -O2 -c" "EXTRA_COMPILER_FLAGS=-mcpu=cortex-a9 -mfpu=vfpv3 -mfloat-abi=hard -nostartfiles -g -Wall -Wextra"
"Compiling scutimer"
"Running Make libs in ps7_cortexa9_0/libsrc/scuwdt_v2_1/src"
make -C ps7_cortexa9_0/libsrc/scuwdt_v2_1/src -s libs  "SHELL=CMD" "COMPILER=arm-none-eabi-gcc" "ARCHIVER=arm-none-eabi-ar" "COMPILER_FLAGS=  -O2 -c" "EXTRA_COMPILER_FLAGS=-mcpu=cortex-a9 -mfpu=vfpv3 -mfloat-abi=hard -nostartfiles -g -Wall -Wextra"
"Compiling scuwdt"
"Running Make libs in ps7_cortexa9_0/libsrc/sdps_v3_6/src"
make -C ps7_cortexa9_0/libsrc/sdps_v3_6/src -s libs  "SHELL=CMD" "COMPILER=arm-none-eabi-gcc" "ARCHIVER=arm-none-eabi-ar" "COMPILER_FLAGS=  -O2 -c" "EXTRA_COMPILER_FLAGS=-mcpu=cortex-a9 -mfpu=vfpv3 -mfloat-abi=hard -nostartfiles -g -Wall -Wextra"
"Compiling sdps"
"Running Make libs in ps7_cortexa9_0/libsrc/standalone_v6_8/src"
make -C ps7_cortexa9_0/libsrc/standalone_v6_8/src -s libs  "SHELL=CMD" "COMPILER=arm-none-eabi-gcc" "ARCHIVER=arm-none-eabi-ar" "COMPILER_FLAGS=  -O2 -c" "EXTRA_COMPILER_FLAGS=-mcpu=cortex-a9 -mfpu=vfpv3 -mfloat-abi=hard -nostartfiles -g -Wall -Wextra"
"Compiling standalone"
In file included from sleep.c:53:0:
xtime_l.h:87:9: note: #pragma message: For the sleep routines, Global timer is being used
 #pragma message ("For the sleep routines, Global timer is being used")
         ^~~~~~~
In file included from usleep.c:56:0:
xtime_l.h:87:9: note: #pragma message: For the sleep routines, Global timer is being used
 #pragma message ("For the sleep routines, Global timer is being used")
         ^~~~~~~
In file included from xil_sleeptimer.c:51:0:
xtime_l.h:87:9: note: #pragma message: For the sleep routines, Global timer is being used
 #pragma message ("For the sleep routines, Global timer is being used")
         ^~~~~~~
In file included from xtime_l.c:49:0:
xtime_l.h:87:9: note: #pragma message: For the sleep routines, Global timer is being used
 #pragma message ("For the sleep routines, Global timer is being used")
         ^~~~~~~
"Running Make libs in ps7_cortexa9_0/libsrc/uartps_v3_7/src"
make -C ps7_cortexa9_0/libsrc/uartps_v3_7/src -s libs  "SHELL=CMD" "COMPILER=arm-none-eabi-gcc" "ARCHIVER=arm-none-eabi-ar" "COMPILER_FLAGS=  -O2 -c" "EXTRA_COMPILER_FLAGS=-mcpu=cortex-a9 -mfpu=vfpv3 -mfloat-abi=hard -nostartfiles -g -Wall -Wextra"
"Compiling uartps"
"Running Make libs in ps7_cortexa9_0/libsrc/usbps_v2_4/src"
make -C ps7_cortexa9_0/libsrc/usbps_v2_4/src -s libs  "SHELL=CMD" "COMPILER=arm-none-eabi-gcc" "ARCHIVER=arm-none-eabi-ar" "COMPILER_FLAGS=  -O2 -c" "EXTRA_COMPILER_FLAGS=-mcpu=cortex-a9 -mfpu=vfpv3 -mfloat-abi=hard -nostartfiles -g -Wall -Wextra"
"Compiling usbps"
"Running Make libs in ps7_cortexa9_0/libsrc/xadcps_v2_3/src"
make -C ps7_cortexa9_0/libsrc/xadcps_v2_3/src -s libs  "SHELL=CMD" "COMPILER=arm-none-eabi-gcc" "ARCHIVER=arm-none-eabi-ar" "COMPILER_FLAGS=  -O2 -c" "EXTRA_COMPILER_FLAGS=-mcpu=cortex-a9 -mfpu=vfpv3 -mfloat-abi=hard -nostartfiles -g -Wall -Wextra"
"Compiling xadcps"
"Running Make libs in ps7_cortexa9_0/libsrc/YOLO2_FPGA_v1_0/src"
make -C ps7_cortexa9_0/libsrc/YOLO2_FPGA_v1_0/src -s libs  "SHELL=CMD" "COMPILER=arm-none-eabi-gcc" "ARCHIVER=arm-none-eabi-ar" "COMPILER_FLAGS=  -O2 -c" "EXTRA_COMPILER_FLAGS=-mcpu=cortex-a9 -mfpu=vfpv3 -mfloat-abi=hard -nostartfiles -g -Wall -Wextra"
"Compiling YOLO2_FPGA"
'Finished building libraries'
16:11:31 **** Auto Build of configuration Debug for project yolov2_coco ****
make pre-build main-build 
a9-linaro-pre-build-step
' '
'Building file: ../src/helloworld.c'
'Invoking: ARM v7 gcc compiler'
arm-none-eabi-gcc -Wall -O0 -g3 -c -fmessage-length=0 -MT"src/helloworld.o" -mcpu=cortex-a9 -mfpu=vfpv3 -mfloat-abi=hard -I../../yolov2_coco_bsp/ps7_cortexa9_0/include -MMD -MP -MF"src/helloworld.d" -MT"src/helloworld.o" -o "src/helloworld.o" "../src/helloworld.c"
'Finished building: ../src/helloworld.c'
' '
'Building file: ../src/platform.c'
'Invoking: ARM v7 gcc compiler'
arm-none-eabi-gcc -Wall -O0 -g3 -c -fmessage-length=0 -MT"src/platform.o" -mcpu=cortex-a9 -mfpu=vfpv3 -mfloat-abi=hard -I../../yolov2_coco_bsp/ps7_cortexa9_0/include -MMD -MP -MF"src/platform.d" -MT"src/platform.o" -o "src/platform.o" "../src/platform.c"
'Finished building: ../src/platform.c'
' '
'Building target: yolov2_coco.elf'
'Invoking: ARM v7 gcc linker'
arm-none-eabi-gcc -mcpu=cortex-a9 -mfpu=vfpv3 -mfloat-abi=hard -Wl,-build-id=none -specs=Xilinx.spec -Wl,-T -Wl,../src/lscript.ld -L../../yolov2_coco_bsp/ps7_cortexa9_0/lib -o "yolov2_coco.elf"  ./src/helloworld.o ./src/platform.o   -Wl,--start-group,-lxil,-lgcc,-lc,--end-group
'Finished building target: yolov2_coco.elf'
' '
'Invoking: ARM v7 Print Size'
arm-none-eabi-size yolov2_coco.elf  |tee "yolov2_coco.elf.size"
   text	   data	    bss	    dec	    hex	filename
  19352	   1144	  22568	  43064	   a838	yolov2_coco.elf
'Finished building: yolov2_coco.elf.size'
' '
16:12:03 **** Incremental Build of configuration Debug for project yolov2_coco ****
make pre-build main-build 
a9-linaro-pre-build-step
' '
make: Nothing to be done for `main-build'.
16:12:27 **** Clean-only build of configuration Debug for project yolov2_coco ****
make clean 
rm -rf  ./src/helloworld.o ./src/platform.o  ./src/helloworld.d ./src/platform.d  yolov2_coco.elf.size  yolov2_coco.elf
' '
16:12:27 **** Clean-only build of project yolov2_coco_bsp ****
make -k clean 
make -C ps7_cortexa9_0/libsrc/coresightps_dcc_v1_4/src -s clean 
make -C ps7_cortexa9_0/libsrc/cpu_cortexa9_v2_7/src -s clean 
make -C ps7_cortexa9_0/libsrc/ddrps_v1_0/src -s clean 
make -C ps7_cortexa9_0/libsrc/devcfg_v3_5/src -s clean 
make -C ps7_cortexa9_0/libsrc/dmaps_v2_4/src -s clean 
make -C ps7_cortexa9_0/libsrc/emacps_v3_8/src -s clean 
make -C ps7_cortexa9_0/libsrc/gpiops_v3_4/src -s clean 
make -C ps7_cortexa9_0/libsrc/qspips_v3_5/src -s clean 
make -C ps7_cortexa9_0/libsrc/scugic_v3_10/src -s clean 
make -C ps7_cortexa9_0/libsrc/scutimer_v2_1/src -s clean 
make -C ps7_cortexa9_0/libsrc/scuwdt_v2_1/src -s clean 
make -C ps7_cortexa9_0/libsrc/sdps_v3_6/src -s clean 
make -C ps7_cortexa9_0/libsrc/standalone_v6_8/src -s clean 
make -C ps7_cortexa9_0/libsrc/uartps_v3_7/src -s clean 
make -C ps7_cortexa9_0/libsrc/usbps_v2_4/src -s clean 
make -C ps7_cortexa9_0/libsrc/xadcps_v2_3/src -s clean 
make -C ps7_cortexa9_0/libsrc/YOLO2_FPGA_v1_0/src -s clean 
rm: lstat¡®*.o¡¯Ê§°Ü: Invalid argument
make[1]: *** [clean] ´íÎó 1
make: *** [ps7_cortexa9_0/libsrc/YOLO2_FPGA_v1_0/src/make.clean] ´íÎó 2
make: ÓÉÓÚ´íÎóÄ¿±ê¡°clean¡±²¢Î´ÖØÐÂ´´½¨¡£
16:12:29 **** Build of project yolov2_coco_bsp ****
make -k all 
"Running Make include in ps7_cortexa9_0/libsrc/coresightps_dcc_v1_4/src"
make -C ps7_cortexa9_0/libsrc/coresightps_dcc_v1_4/src -s include  "SHELL=CMD" "COMPILER=arm-none-eabi-gcc" "ARCHIVER=arm-none-eabi-ar" "COMPILER_FLAGS=  -O2 -c" "EXTRA_COMPILER_FLAGS=-mcpu=cortex-a9 -mfpu=vfpv3 -mfloat-abi=hard -nostartfiles -g -Wall -Wextra"
"Running Make include in ps7_cortexa9_0/libsrc/cpu_cortexa9_v2_7/src"
make -C ps7_cortexa9_0/libsrc/cpu_cortexa9_v2_7/src -s include  "SHELL=CMD" "COMPILER=arm-none-eabi-gcc" "ARCHIVER=arm-none-eabi-ar" "COMPILER_FLAGS=  -O2 -c" "EXTRA_COMPILER_FLAGS=-mcpu=cortex-a9 -mfpu=vfpv3 -mfloat-abi=hard -nostartfiles -g -Wall -Wextra"
"Running Make include in ps7_cortexa9_0/libsrc/ddrps_v1_0/src"
make -C ps7_cortexa9_0/libsrc/ddrps_v1_0/src -s include  "SHELL=CMD" "COMPILER=arm-none-eabi-gcc" "ARCHIVER=arm-none-eabi-ar" "COMPILER_FLAGS=  -O2 -c" "EXTRA_COMPILER_FLAGS=-mcpu=cortex-a9 -mfpu=vfpv3 -mfloat-abi=hard -nostartfiles -g -Wall -Wextra"
"Running Make include in ps7_cortexa9_0/libsrc/devcfg_v3_5/src"
make -C ps7_cortexa9_0/libsrc/devcfg_v3_5/src -s include  "SHELL=CMD" "COMPILER=arm-none-eabi-gcc" "ARCHIVER=arm-none-eabi-ar" "COMPILER_FLAGS=  -O2 -c" "EXTRA_COMPILER_FLAGS=-mcpu=cortex-a9 -mfpu=vfpv3 -mfloat-abi=hard -nostartfiles -g -Wall -Wextra"
"Running Make include in ps7_cortexa9_0/libsrc/dmaps_v2_4/src"
make -C ps7_cortexa9_0/libsrc/dmaps_v2_4/src -s include  "SHELL=CMD" "COMPILER=arm-none-eabi-gcc" "ARCHIVER=arm-none-eabi-ar" "COMPILER_FLAGS=  -O2 -c" "EXTRA_COMPILER_FLAGS=-mcpu=cortex-a9 -mfpu=vfpv3 -mfloat-abi=hard -nostartfiles -g -Wall -Wextra"
"Running Make include in ps7_cortexa9_0/libsrc/emacps_v3_8/src"
make -C ps7_cortexa9_0/libsrc/emacps_v3_8/src -s include  "SHELL=CMD" "COMPILER=arm-none-eabi-gcc" "ARCHIVER=arm-none-eabi-ar" "COMPILER_FLAGS=  -O2 -c" "EXTRA_COMPILER_FLAGS=-mcpu=cortex-a9 -mfpu=vfpv3 -mfloat-abi=hard -nostartfiles -g -Wall -Wextra"
"Running Make include in ps7_cortexa9_0/libsrc/gpiops_v3_4/src"
make -C ps7_cortexa9_0/libsrc/gpiops_v3_4/src -s include  "SHELL=CMD" "COMPILER=arm-none-eabi-gcc" "ARCHIVER=arm-none-eabi-ar" "COMPILER_FLAGS=  -O2 -c" "EXTRA_COMPILER_FLAGS=-mcpu=cortex-a9 -mfpu=vfpv3 -mfloat-abi=hard -nostartfiles -g -Wall -Wextra"
"Running Make include in ps7_cortexa9_0/libsrc/qspips_v3_5/src"
make -C ps7_cortexa9_0/libsrc/qspips_v3_5/src -s include  "SHELL=CMD" "COMPILER=arm-none-eabi-gcc" "ARCHIVER=arm-none-eabi-ar" "COMPILER_FLAGS=  -O2 -c" "EXTRA_COMPILER_FLAGS=-mcpu=cortex-a9 -mfpu=vfpv3 -mfloat-abi=hard -nostartfiles -g -Wall -Wextra"
"Running Make include in ps7_cortexa9_0/libsrc/scugic_v3_10/src"
make -C ps7_cortexa9_0/libsrc/scugic_v3_10/src -s include  "SHELL=CMD" "COMPILER=arm-none-eabi-gcc" "ARCHIVER=arm-none-eabi-ar" "COMPILER_FLAGS=  -O2 -c" "EXTRA_COMPILER_FLAGS=-mcpu=cortex-a9 -mfpu=vfpv3 -mfloat-abi=hard -nostartfiles -g -Wall -Wextra"
"Running Make include in ps7_cortexa9_0/libsrc/scutimer_v2_1/src"
make -C ps7_cortexa9_0/libsrc/scutimer_v2_1/src -s include  "SHELL=CMD" "COMPILER=arm-none-eabi-gcc" "ARCHIVER=arm-none-eabi-ar" "COMPILER_FLAGS=  -O2 -c" "EXTRA_COMPILER_FLAGS=-mcpu=cortex-a9 -mfpu=vfpv3 -mfloat-abi=hard -nostartfiles -g -Wall -Wextra"
"Running Make include in ps7_cortexa9_0/libsrc/scuwdt_v2_1/src"
make -C ps7_cortexa9_0/libsrc/scuwdt_v2_1/src -s include  "SHELL=CMD" "COMPILER=arm-none-eabi-gcc" "ARCHIVER=arm-none-eabi-ar" "COMPILER_FLAGS=  -O2 -c" "EXTRA_COMPILER_FLAGS=-mcpu=cortex-a9 -mfpu=vfpv3 -mfloat-abi=hard -nostartfiles -g -Wall -Wextra"
"Running Make include in ps7_cortexa9_0/libsrc/sdps_v3_6/src"
make -C ps7_cortexa9_0/libsrc/sdps_v3_6/src -s include  "SHELL=CMD" "COMPILER=arm-none-eabi-gcc" "ARCHIVER=arm-none-eabi-ar" "COMPILER_FLAGS=  -O2 -c" "EXTRA_COMPILER_FLAGS=-mcpu=cortex-a9 -mfpu=vfpv3 -mfloat-abi=hard -nostartfiles -g -Wall -Wextra"
"Running Make include in ps7_cortexa9_0/libsrc/standalone_v6_8/src"
make -C ps7_cortexa9_0/libsrc/standalone_v6_8/src -s include  "SHELL=CMD" "COMPILER=arm-none-eabi-gcc" "ARCHIVER=arm-none-eabi-ar" "COMPILER_FLAGS=  -O2 -c" "EXTRA_COMPILER_FLAGS=-mcpu=cortex-a9 -mfpu=vfpv3 -mfloat-abi=hard -nostartfiles -g -Wall -Wextra"
"Running Make include in ps7_cortexa9_0/libsrc/uartps_v3_7/src"
make -C ps7_cortexa9_0/libsrc/uartps_v3_7/src -s include  "SHELL=CMD" "COMPILER=arm-none-eabi-gcc" "ARCHIVER=arm-none-eabi-ar" "COMPILER_FLAGS=  -O2 -c" "EXTRA_COMPILER_FLAGS=-mcpu=cortex-a9 -mfpu=vfpv3 -mfloat-abi=hard -nostartfiles -g -Wall -Wextra"
"Running Make include in ps7_cortexa9_0/libsrc/usbps_v2_4/src"
make -C ps7_cortexa9_0/libsrc/usbps_v2_4/src -s include  "SHELL=CMD" "COMPILER=arm-none-eabi-gcc" "ARCHIVER=arm-none-eabi-ar" "COMPILER_FLAGS=  -O2 -c" "EXTRA_COMPILER_FLAGS=-mcpu=cortex-a9 -mfpu=vfpv3 -mfloat-abi=hard -nostartfiles -g -Wall -Wextra"
"Running Make include in ps7_cortexa9_0/libsrc/xadcps_v2_3/src"
make -C ps7_cortexa9_0/libsrc/xadcps_v2_3/src -s include  "SHELL=CMD" "COMPILER=arm-none-eabi-gcc" "ARCHIVER=arm-none-eabi-ar" "COMPILER_FLAGS=  -O2 -c" "EXTRA_COMPILER_FLAGS=-mcpu=cortex-a9 -mfpu=vfpv3 -mfloat-abi=hard -nostartfiles -g -Wall -Wextra"
"Running Make include in ps7_cortexa9_0/libsrc/YOLO2_FPGA_v1_0/src"
make -C ps7_cortexa9_0/libsrc/YOLO2_FPGA_v1_0/src -s include  "SHELL=CMD" "COMPILER=arm-none-eabi-gcc" "ARCHIVER=arm-none-eabi-ar" "COMPILER_FLAGS=  -O2 -c" "EXTRA_COMPILER_FLAGS=-mcpu=cortex-a9 -mfpu=vfpv3 -mfloat-abi=hard -nostartfiles -g -Wall -Wextra"
"Running Make libs in ps7_cortexa9_0/libsrc/coresightps_dcc_v1_4/src"
make -C ps7_cortexa9_0/libsrc/coresightps_dcc_v1_4/src -s libs  "SHELL=CMD" "COMPILER=arm-none-eabi-gcc" "ARCHIVER=arm-none-eabi-ar" "COMPILER_FLAGS=  -O2 -c" "EXTRA_COMPILER_FLAGS=-mcpu=cortex-a9 -mfpu=vfpv3 -mfloat-abi=hard -nostartfiles -g -Wall -Wextra"
"Compiling coresightps_dcc"
"Running Make libs in ps7_cortexa9_0/libsrc/cpu_cortexa9_v2_7/src"
make -C ps7_cortexa9_0/libsrc/cpu_cortexa9_v2_7/src -s libs  "SHELL=CMD" "COMPILER=arm-none-eabi-gcc" "ARCHIVER=arm-none-eabi-ar" "COMPILER_FLAGS=  -O2 -c" "EXTRA_COMPILER_FLAGS=-mcpu=cortex-a9 -mfpu=vfpv3 -mfloat-abi=hard -nostartfiles -g -Wall -Wextra"
"Compiling cpu_cortexa9"
"Running Make libs in ps7_cortexa9_0/libsrc/ddrps_v1_0/src"
make -C ps7_cortexa9_0/libsrc/ddrps_v1_0/src -s libs  "SHELL=CMD" "COMPILER=arm-none-eabi-gcc" "ARCHIVER=arm-none-eabi-ar" "COMPILER_FLAGS=  -O2 -c" "EXTRA_COMPILER_FLAGS=-mcpu=cortex-a9 -mfpu=vfpv3 -mfloat-abi=hard -nostartfiles -g -Wall -Wextra"
"Compiling ddrps"
"Running Make libs in ps7_cortexa9_0/libsrc/devcfg_v3_5/src"
make -C ps7_cortexa9_0/libsrc/devcfg_v3_5/src -s libs  "SHELL=CMD" "COMPILER=arm-none-eabi-gcc" "ARCHIVER=arm-none-eabi-ar" "COMPILER_FLAGS=  -O2 -c" "EXTRA_COMPILER_FLAGS=-mcpu=cortex-a9 -mfpu=vfpv3 -mfloat-abi=hard -nostartfiles -g -Wall -Wextra"
"Compiling devcfg"
"Running Make libs in ps7_cortexa9_0/libsrc/dmaps_v2_4/src"
make -C ps7_cortexa9_0/libsrc/dmaps_v2_4/src -s libs  "SHELL=CMD" "COMPILER=arm-none-eabi-gcc" "ARCHIVER=arm-none-eabi-ar" "COMPILER_FLAGS=  -O2 -c" "EXTRA_COMPILER_FLAGS=-mcpu=cortex-a9 -mfpu=vfpv3 -mfloat-abi=hard -nostartfiles -g -Wall -Wextra"
"Compiling dmaps"
"Running Make libs in ps7_cortexa9_0/libsrc/emacps_v3_8/src"
make -C ps7_cortexa9_0/libsrc/emacps_v3_8/src -s libs  "SHELL=CMD" "COMPILER=arm-none-eabi-gcc" "ARCHIVER=arm-none-eabi-ar" "COMPILER_FLAGS=  -O2 -c" "EXTRA_COMPILER_FLAGS=-mcpu=cortex-a9 -mfpu=vfpv3 -mfloat-abi=hard -nostartfiles -g -Wall -Wextra"
"Compiling emacps"
"Running Make libs in ps7_cortexa9_0/libsrc/gpiops_v3_4/src"
make -C ps7_cortexa9_0/libsrc/gpiops_v3_4/src -s libs  "SHELL=CMD" "COMPILER=arm-none-eabi-gcc" "ARCHIVER=arm-none-eabi-ar" "COMPILER_FLAGS=  -O2 -c" "EXTRA_COMPILER_FLAGS=-mcpu=cortex-a9 -mfpu=vfpv3 -mfloat-abi=hard -nostartfiles -g -Wall -Wextra"
"Compiling gpiops"
"Running Make libs in ps7_cortexa9_0/libsrc/qspips_v3_5/src"
make -C ps7_cortexa9_0/libsrc/qspips_v3_5/src -s libs  "SHELL=CMD" "COMPILER=arm-none-eabi-gcc" "ARCHIVER=arm-none-eabi-ar" "COMPILER_FLAGS=  -O2 -c" "EXTRA_COMPILER_FLAGS=-mcpu=cortex-a9 -mfpu=vfpv3 -mfloat-abi=hard -nostartfiles -g -Wall -Wextra"
"Compiling qspips"
"Running Make libs in ps7_cortexa9_0/libsrc/scugic_v3_10/src"
make -C ps7_cortexa9_0/libsrc/scugic_v3_10/src -s libs  "SHELL=CMD" "COMPILER=arm-none-eabi-gcc" "ARCHIVER=arm-none-eabi-ar" "COMPILER_FLAGS=  -O2 -c" "EXTRA_COMPILER_FLAGS=-mcpu=cortex-a9 -mfpu=vfpv3 -mfloat-abi=hard -nostartfiles -g -Wall -Wextra"
"Compiling scugic"
"Running Make libs in ps7_cortexa9_0/libsrc/scutimer_v2_1/src"
make -C ps7_cortexa9_0/libsrc/scutimer_v2_1/src -s libs  "SHELL=CMD" "COMPILER=arm-none-eabi-gcc" "ARCHIVER=arm-none-eabi-ar" "COMPILER_FLAGS=  -O2 -c" "EXTRA_COMPILER_FLAGS=-mcpu=cortex-a9 -mfpu=vfpv3 -mfloat-abi=hard -nostartfiles -g -Wall -Wextra"
"Compiling scutimer"
"Running Make libs in ps7_cortexa9_0/libsrc/scuwdt_v2_1/src"
make -C ps7_cortexa9_0/libsrc/scuwdt_v2_1/src -s libs  "SHELL=CMD" "COMPILER=arm-none-eabi-gcc" "ARCHIVER=arm-none-eabi-ar" "COMPILER_FLAGS=  -O2 -c" "EXTRA_COMPILER_FLAGS=-mcpu=cortex-a9 -mfpu=vfpv3 -mfloat-abi=hard -nostartfiles -g -Wall -Wextra"
"Compiling scuwdt"
"Running Make libs in ps7_cortexa9_0/libsrc/sdps_v3_6/src"
make -C ps7_cortexa9_0/libsrc/sdps_v3_6/src -s libs  "SHELL=CMD" "COMPILER=arm-none-eabi-gcc" "ARCHIVER=arm-none-eabi-ar" "COMPILER_FLAGS=  -O2 -c" "EXTRA_COMPILER_FLAGS=-mcpu=cortex-a9 -mfpu=vfpv3 -mfloat-abi=hard -nostartfiles -g -Wall -Wextra"
"Compiling sdps"
"Running Make libs in ps7_cortexa9_0/libsrc/standalone_v6_8/src"
make -C ps7_cortexa9_0/libsrc/standalone_v6_8/src -s libs  "SHELL=CMD" "COMPILER=arm-none-eabi-gcc" "ARCHIVER=arm-none-eabi-ar" "COMPILER_FLAGS=  -O2 -c" "EXTRA_COMPILER_FLAGS=-mcpu=cortex-a9 -mfpu=vfpv3 -mfloat-abi=hard -nostartfiles -g -Wall -Wextra"
"Compiling standalone"
In file included from sleep.c:53:0:
xtime_l.h:87:9: note: #pragma message: For the sleep routines, Global timer is being used
 #pragma message ("For the sleep routines, Global timer is being used")
         ^~~~~~~
In file included from usleep.c:56:0:
xtime_l.h:87:9: note: #pragma message: For the sleep routines, Global timer is being used
 #pragma message ("For the sleep routines, Global timer is being used")
         ^~~~~~~
In file included from xil_sleeptimer.c:51:0:
xtime_l.h:87:9: note: #pragma message: For the sleep routines, Global timer is being used
 #pragma message ("For the sleep routines, Global timer is being used")
         ^~~~~~~
In file included from xtime_l.c:49:0:
xtime_l.h:87:9: note: #pragma message: For the sleep routines, Global timer is being used
 #pragma message ("For the sleep routines, Global timer is being used")
         ^~~~~~~
"Running Make libs in ps7_cortexa9_0/libsrc/uartps_v3_7/src"
make -C ps7_cortexa9_0/libsrc/uartps_v3_7/src -s libs  "SHELL=CMD" "COMPILER=arm-none-eabi-gcc" "ARCHIVER=arm-none-eabi-ar" "COMPILER_FLAGS=  -O2 -c" "EXTRA_COMPILER_FLAGS=-mcpu=cortex-a9 -mfpu=vfpv3 -mfloat-abi=hard -nostartfiles -g -Wall -Wextra"
"Compiling uartps"
"Running Make libs in ps7_cortexa9_0/libsrc/usbps_v2_4/src"
make -C ps7_cortexa9_0/libsrc/usbps_v2_4/src -s libs  "SHELL=CMD" "COMPILER=arm-none-eabi-gcc" "ARCHIVER=arm-none-eabi-ar" "COMPILER_FLAGS=  -O2 -c" "EXTRA_COMPILER_FLAGS=-mcpu=cortex-a9 -mfpu=vfpv3 -mfloat-abi=hard -nostartfiles -g -Wall -Wextra"
"Compiling usbps"
"Running Make libs in ps7_cortexa9_0/libsrc/xadcps_v2_3/src"
make -C ps7_cortexa9_0/libsrc/xadcps_v2_3/src -s libs  "SHELL=CMD" "COMPILER=arm-none-eabi-gcc" "ARCHIVER=arm-none-eabi-ar" "COMPILER_FLAGS=  -O2 -c" "EXTRA_COMPILER_FLAGS=-mcpu=cortex-a9 -mfpu=vfpv3 -mfloat-abi=hard -nostartfiles -g -Wall -Wextra"
"Compiling xadcps"
"Running Make libs in ps7_cortexa9_0/libsrc/YOLO2_FPGA_v1_0/src"
make -C ps7_cortexa9_0/libsrc/YOLO2_FPGA_v1_0/src -s libs  "SHELL=CMD" "COMPILER=arm-none-eabi-gcc" "ARCHIVER=arm-none-eabi-ar" "COMPILER_FLAGS=  -O2 -c" "EXTRA_COMPILER_FLAGS=-mcpu=cortex-a9 -mfpu=vfpv3 -mfloat-abi=hard -nostartfiles -g -Wall -Wextra"
"Compiling YOLO2_FPGA"
'Finished building libraries'
16:12:59 **** Build of configuration Debug for project yolov2_coco ****
make pre-build main-build 
a9-linaro-pre-build-step
' '
'Building file: ../src/helloworld.c'
'Invoking: ARM v7 gcc compiler'
arm-none-eabi-gcc -Wall -O0 -g3 -c -fmessage-length=0 -MT"src/helloworld.o" -mcpu=cortex-a9 -mfpu=vfpv3 -mfloat-abi=hard -I../../yolov2_coco_bsp/ps7_cortexa9_0/include -MMD -MP -MF"src/helloworld.d" -MT"src/helloworld.o" -o "src/helloworld.o" "../src/helloworld.c"
'Finished building: ../src/helloworld.c'
' '
'Building file: ../src/platform.c'
'Invoking: ARM v7 gcc compiler'
arm-none-eabi-gcc -Wall -O0 -g3 -c -fmessage-length=0 -MT"src/platform.o" -mcpu=cortex-a9 -mfpu=vfpv3 -mfloat-abi=hard -I../../yolov2_coco_bsp/ps7_cortexa9_0/include -MMD -MP -MF"src/platform.d" -MT"src/platform.o" -o "src/platform.o" "../src/platform.c"
'Finished building: ../src/platform.c'
' '
'Building target: yolov2_coco.elf'
'Invoking: ARM v7 gcc linker'
arm-none-eabi-gcc -mcpu=cortex-a9 -mfpu=vfpv3 -mfloat-abi=hard -Wl,-build-id=none -specs=Xilinx.spec -Wl,-T -Wl,../src/lscript.ld -L../../yolov2_coco_bsp/ps7_cortexa9_0/lib -o "yolov2_coco.elf"  ./src/helloworld.o ./src/platform.o   -Wl,--start-group,-lxil,-lgcc,-lc,--end-group
'Finished building target: yolov2_coco.elf'
' '
'Invoking: ARM v7 Print Size'
arm-none-eabi-size yolov2_coco.elf  |tee "yolov2_coco.elf.size"
   text	   data	    bss	    dec	    hex	filename
  19352	   1144	  22568	  43064	   a838	yolov2_coco.elf
'Finished building: yolov2_coco.elf.size'
' '
16:21:06 **** Clean-only build of configuration Debug for project yolov2_coco ****
make clean 
rm -rf  ./src/helloworld.o ./src/platform.o  ./src/helloworld.d ./src/platform.d  yolov2_coco.elf.size  yolov2_coco.elf
' '
16:21:06 **** Clean-only build of project yolov2_coco_bsp ****
make -k clean 
make -C ps7_cortexa9_0/libsrc/coresightps_dcc_v1_4/src -s clean 
make -C ps7_cortexa9_0/libsrc/cpu_cortexa9_v2_7/src -s clean 
make -C ps7_cortexa9_0/libsrc/ddrps_v1_0/src -s clean 
make -C ps7_cortexa9_0/libsrc/devcfg_v3_5/src -s clean 
make -C ps7_cortexa9_0/libsrc/dmaps_v2_4/src -s clean 
make -C ps7_cortexa9_0/libsrc/emacps_v3_8/src -s clean 
make -C ps7_cortexa9_0/libsrc/gpiops_v3_4/src -s clean 
make -C ps7_cortexa9_0/libsrc/qspips_v3_5/src -s clean 
make -C ps7_cortexa9_0/libsrc/scugic_v3_10/src -s clean 
make -C ps7_cortexa9_0/libsrc/scutimer_v2_1/src -s clean 
make -C ps7_cortexa9_0/libsrc/scuwdt_v2_1/src -s clean 
make -C ps7_cortexa9_0/libsrc/sdps_v3_6/src -s clean 
make -C ps7_cortexa9_0/libsrc/standalone_v6_8/src -s clean 
make -C ps7_cortexa9_0/libsrc/uartps_v3_7/src -s clean 
make -C ps7_cortexa9_0/libsrc/usbps_v2_4/src -s clean 
make -C ps7_cortexa9_0/libsrc/xadcps_v2_3/src -s clean 
make -C ps7_cortexa9_0/libsrc/YOLO2_FPGA_v1_0/src -s clean 
rm: lstat¡®*.o¡¯Ê§°Ü: Invalid argument
make[1]: *** [clean] ´íÎó 1
make: *** [ps7_cortexa9_0/libsrc/YOLO2_FPGA_v1_0/src/make.clean] ´íÎó 2
make: ÓÉÓÚ´íÎóÄ¿±ê¡°clean¡±²¢Î´ÖØÐÂ´´½¨¡£
16:21:08 **** Build of project yolov2_coco_bsp ****
make -k all 
"Running Make include in ps7_cortexa9_0/libsrc/coresightps_dcc_v1_4/src"
make -C ps7_cortexa9_0/libsrc/coresightps_dcc_v1_4/src -s include  "SHELL=CMD" "COMPILER=arm-none-eabi-gcc" "ARCHIVER=arm-none-eabi-ar" "COMPILER_FLAGS=  -O2 -c" "EXTRA_COMPILER_FLAGS=-mcpu=cortex-a9 -mfpu=vfpv3 -mfloat-abi=hard -nostartfiles -g -Wall -Wextra"
"Running Make include in ps7_cortexa9_0/libsrc/cpu_cortexa9_v2_7/src"
make -C ps7_cortexa9_0/libsrc/cpu_cortexa9_v2_7/src -s include  "SHELL=CMD" "COMPILER=arm-none-eabi-gcc" "ARCHIVER=arm-none-eabi-ar" "COMPILER_FLAGS=  -O2 -c" "EXTRA_COMPILER_FLAGS=-mcpu=cortex-a9 -mfpu=vfpv3 -mfloat-abi=hard -nostartfiles -g -Wall -Wextra"
"Running Make include in ps7_cortexa9_0/libsrc/ddrps_v1_0/src"
make -C ps7_cortexa9_0/libsrc/ddrps_v1_0/src -s include  "SHELL=CMD" "COMPILER=arm-none-eabi-gcc" "ARCHIVER=arm-none-eabi-ar" "COMPILER_FLAGS=  -O2 -c" "EXTRA_COMPILER_FLAGS=-mcpu=cortex-a9 -mfpu=vfpv3 -mfloat-abi=hard -nostartfiles -g -Wall -Wextra"
"Running Make include in ps7_cortexa9_0/libsrc/devcfg_v3_5/src"
make -C ps7_cortexa9_0/libsrc/devcfg_v3_5/src -s include  "SHELL=CMD" "COMPILER=arm-none-eabi-gcc" "ARCHIVER=arm-none-eabi-ar" "COMPILER_FLAGS=  -O2 -c" "EXTRA_COMPILER_FLAGS=-mcpu=cortex-a9 -mfpu=vfpv3 -mfloat-abi=hard -nostartfiles -g -Wall -Wextra"
"Running Make include in ps7_cortexa9_0/libsrc/dmaps_v2_4/src"
make -C ps7_cortexa9_0/libsrc/dmaps_v2_4/src -s include  "SHELL=CMD" "COMPILER=arm-none-eabi-gcc" "ARCHIVER=arm-none-eabi-ar" "COMPILER_FLAGS=  -O2 -c" "EXTRA_COMPILER_FLAGS=-mcpu=cortex-a9 -mfpu=vfpv3 -mfloat-abi=hard -nostartfiles -g -Wall -Wextra"
"Running Make include in ps7_cortexa9_0/libsrc/emacps_v3_8/src"
make -C ps7_cortexa9_0/libsrc/emacps_v3_8/src -s include  "SHELL=CMD" "COMPILER=arm-none-eabi-gcc" "ARCHIVER=arm-none-eabi-ar" "COMPILER_FLAGS=  -O2 -c" "EXTRA_COMPILER_FLAGS=-mcpu=cortex-a9 -mfpu=vfpv3 -mfloat-abi=hard -nostartfiles -g -Wall -Wextra"
"Running Make include in ps7_cortexa9_0/libsrc/gpiops_v3_4/src"
make -C ps7_cortexa9_0/libsrc/gpiops_v3_4/src -s include  "SHELL=CMD" "COMPILER=arm-none-eabi-gcc" "ARCHIVER=arm-none-eabi-ar" "COMPILER_FLAGS=  -O2 -c" "EXTRA_COMPILER_FLAGS=-mcpu=cortex-a9 -mfpu=vfpv3 -mfloat-abi=hard -nostartfiles -g -Wall -Wextra"
"Running Make include in ps7_cortexa9_0/libsrc/qspips_v3_5/src"
make -C ps7_cortexa9_0/libsrc/qspips_v3_5/src -s include  "SHELL=CMD" "COMPILER=arm-none-eabi-gcc" "ARCHIVER=arm-none-eabi-ar" "COMPILER_FLAGS=  -O2 -c" "EXTRA_COMPILER_FLAGS=-mcpu=cortex-a9 -mfpu=vfpv3 -mfloat-abi=hard -nostartfiles -g -Wall -Wextra"
"Running Make include in ps7_cortexa9_0/libsrc/scugic_v3_10/src"
make -C ps7_cortexa9_0/libsrc/scugic_v3_10/src -s include  "SHELL=CMD" "COMPILER=arm-none-eabi-gcc" "ARCHIVER=arm-none-eabi-ar" "COMPILER_FLAGS=  -O2 -c" "EXTRA_COMPILER_FLAGS=-mcpu=cortex-a9 -mfpu=vfpv3 -mfloat-abi=hard -nostartfiles -g -Wall -Wextra"
"Running Make include in ps7_cortexa9_0/libsrc/scutimer_v2_1/src"
make -C ps7_cortexa9_0/libsrc/scutimer_v2_1/src -s include  "SHELL=CMD" "COMPILER=arm-none-eabi-gcc" "ARCHIVER=arm-none-eabi-ar" "COMPILER_FLAGS=  -O2 -c" "EXTRA_COMPILER_FLAGS=-mcpu=cortex-a9 -mfpu=vfpv3 -mfloat-abi=hard -nostartfiles -g -Wall -Wextra"
"Running Make include in ps7_cortexa9_0/libsrc/scuwdt_v2_1/src"
make -C ps7_cortexa9_0/libsrc/scuwdt_v2_1/src -s include  "SHELL=CMD" "COMPILER=arm-none-eabi-gcc" "ARCHIVER=arm-none-eabi-ar" "COMPILER_FLAGS=  -O2 -c" "EXTRA_COMPILER_FLAGS=-mcpu=cortex-a9 -mfpu=vfpv3 -mfloat-abi=hard -nostartfiles -g -Wall -Wextra"
"Running Make include in ps7_cortexa9_0/libsrc/sdps_v3_6/src"
make -C ps7_cortexa9_0/libsrc/sdps_v3_6/src -s include  "SHELL=CMD" "COMPILER=arm-none-eabi-gcc" "ARCHIVER=arm-none-eabi-ar" "COMPILER_FLAGS=  -O2 -c" "EXTRA_COMPILER_FLAGS=-mcpu=cortex-a9 -mfpu=vfpv3 -mfloat-abi=hard -nostartfiles -g -Wall -Wextra"
"Running Make include in ps7_cortexa9_0/libsrc/standalone_v6_8/src"
make -C ps7_cortexa9_0/libsrc/standalone_v6_8/src -s include  "SHELL=CMD" "COMPILER=arm-none-eabi-gcc" "ARCHIVER=arm-none-eabi-ar" "COMPILER_FLAGS=  -O2 -c" "EXTRA_COMPILER_FLAGS=-mcpu=cortex-a9 -mfpu=vfpv3 -mfloat-abi=hard -nostartfiles -g -Wall -Wextra"
"Running Make include in ps7_cortexa9_0/libsrc/uartps_v3_7/src"
make -C ps7_cortexa9_0/libsrc/uartps_v3_7/src -s include  "SHELL=CMD" "COMPILER=arm-none-eabi-gcc" "ARCHIVER=arm-none-eabi-ar" "COMPILER_FLAGS=  -O2 -c" "EXTRA_COMPILER_FLAGS=-mcpu=cortex-a9 -mfpu=vfpv3 -mfloat-abi=hard -nostartfiles -g -Wall -Wextra"
"Running Make include in ps7_cortexa9_0/libsrc/usbps_v2_4/src"
make -C ps7_cortexa9_0/libsrc/usbps_v2_4/src -s include  "SHELL=CMD" "COMPILER=arm-none-eabi-gcc" "ARCHIVER=arm-none-eabi-ar" "COMPILER_FLAGS=  -O2 -c" "EXTRA_COMPILER_FLAGS=-mcpu=cortex-a9 -mfpu=vfpv3 -mfloat-abi=hard -nostartfiles -g -Wall -Wextra"
"Running Make include in ps7_cortexa9_0/libsrc/xadcps_v2_3/src"
make -C ps7_cortexa9_0/libsrc/xadcps_v2_3/src -s include  "SHELL=CMD" "COMPILER=arm-none-eabi-gcc" "ARCHIVER=arm-none-eabi-ar" "COMPILER_FLAGS=  -O2 -c" "EXTRA_COMPILER_FLAGS=-mcpu=cortex-a9 -mfpu=vfpv3 -mfloat-abi=hard -nostartfiles -g -Wall -Wextra"
"Running Make include in ps7_cortexa9_0/libsrc/YOLO2_FPGA_v1_0/src"
make -C ps7_cortexa9_0/libsrc/YOLO2_FPGA_v1_0/src -s include  "SHELL=CMD" "COMPILER=arm-none-eabi-gcc" "ARCHIVER=arm-none-eabi-ar" "COMPILER_FLAGS=  -O2 -c" "EXTRA_COMPILER_FLAGS=-mcpu=cortex-a9 -mfpu=vfpv3 -mfloat-abi=hard -nostartfiles -g -Wall -Wextra"
"Running Make libs in ps7_cortexa9_0/libsrc/coresightps_dcc_v1_4/src"
make -C ps7_cortexa9_0/libsrc/coresightps_dcc_v1_4/src -s libs  "SHELL=CMD" "COMPILER=arm-none-eabi-gcc" "ARCHIVER=arm-none-eabi-ar" "COMPILER_FLAGS=  -O2 -c" "EXTRA_COMPILER_FLAGS=-mcpu=cortex-a9 -mfpu=vfpv3 -mfloat-abi=hard -nostartfiles -g -Wall -Wextra"
"Compiling coresightps_dcc"
"Running Make libs in ps7_cortexa9_0/libsrc/cpu_cortexa9_v2_7/src"
make -C ps7_cortexa9_0/libsrc/cpu_cortexa9_v2_7/src -s libs  "SHELL=CMD" "COMPILER=arm-none-eabi-gcc" "ARCHIVER=arm-none-eabi-ar" "COMPILER_FLAGS=  -O2 -c" "EXTRA_COMPILER_FLAGS=-mcpu=cortex-a9 -mfpu=vfpv3 -mfloat-abi=hard -nostartfiles -g -Wall -Wextra"
"Compiling cpu_cortexa9"
"Running Make libs in ps7_cortexa9_0/libsrc/ddrps_v1_0/src"
make -C ps7_cortexa9_0/libsrc/ddrps_v1_0/src -s libs  "SHELL=CMD" "COMPILER=arm-none-eabi-gcc" "ARCHIVER=arm-none-eabi-ar" "COMPILER_FLAGS=  -O2 -c" "EXTRA_COMPILER_FLAGS=-mcpu=cortex-a9 -mfpu=vfpv3 -mfloat-abi=hard -nostartfiles -g -Wall -Wextra"
"Compiling ddrps"
"Running Make libs in ps7_cortexa9_0/libsrc/devcfg_v3_5/src"
make -C ps7_cortexa9_0/libsrc/devcfg_v3_5/src -s libs  "SHELL=CMD" "COMPILER=arm-none-eabi-gcc" "ARCHIVER=arm-none-eabi-ar" "COMPILER_FLAGS=  -O2 -c" "EXTRA_COMPILER_FLAGS=-mcpu=cortex-a9 -mfpu=vfpv3 -mfloat-abi=hard -nostartfiles -g -Wall -Wextra"
"Compiling devcfg"
"Running Make libs in ps7_cortexa9_0/libsrc/dmaps_v2_4/src"
make -C ps7_cortexa9_0/libsrc/dmaps_v2_4/src -s libs  "SHELL=CMD" "COMPILER=arm-none-eabi-gcc" "ARCHIVER=arm-none-eabi-ar" "COMPILER_FLAGS=  -O2 -c" "EXTRA_COMPILER_FLAGS=-mcpu=cortex-a9 -mfpu=vfpv3 -mfloat-abi=hard -nostartfiles -g -Wall -Wextra"
"Compiling dmaps"
"Running Make libs in ps7_cortexa9_0/libsrc/emacps_v3_8/src"
make -C ps7_cortexa9_0/libsrc/emacps_v3_8/src -s libs  "SHELL=CMD" "COMPILER=arm-none-eabi-gcc" "ARCHIVER=arm-none-eabi-ar" "COMPILER_FLAGS=  -O2 -c" "EXTRA_COMPILER_FLAGS=-mcpu=cortex-a9 -mfpu=vfpv3 -mfloat-abi=hard -nostartfiles -g -Wall -Wextra"
"Compiling emacps"
"Running Make libs in ps7_cortexa9_0/libsrc/gpiops_v3_4/src"
make -C ps7_cortexa9_0/libsrc/gpiops_v3_4/src -s libs  "SHELL=CMD" "COMPILER=arm-none-eabi-gcc" "ARCHIVER=arm-none-eabi-ar" "COMPILER_FLAGS=  -O2 -c" "EXTRA_COMPILER_FLAGS=-mcpu=cortex-a9 -mfpu=vfpv3 -mfloat-abi=hard -nostartfiles -g -Wall -Wextra"
"Compiling gpiops"
"Running Make libs in ps7_cortexa9_0/libsrc/qspips_v3_5/src"
make -C ps7_cortexa9_0/libsrc/qspips_v3_5/src -s libs  "SHELL=CMD" "COMPILER=arm-none-eabi-gcc" "ARCHIVER=arm-none-eabi-ar" "COMPILER_FLAGS=  -O2 -c" "EXTRA_COMPILER_FLAGS=-mcpu=cortex-a9 -mfpu=vfpv3 -mfloat-abi=hard -nostartfiles -g -Wall -Wextra"
"Compiling qspips"
"Running Make libs in ps7_cortexa9_0/libsrc/scugic_v3_10/src"
make -C ps7_cortexa9_0/libsrc/scugic_v3_10/src -s libs  "SHELL=CMD" "COMPILER=arm-none-eabi-gcc" "ARCHIVER=arm-none-eabi-ar" "COMPILER_FLAGS=  -O2 -c" "EXTRA_COMPILER_FLAGS=-mcpu=cortex-a9 -mfpu=vfpv3 -mfloat-abi=hard -nostartfiles -g -Wall -Wextra"
"Compiling scugic"
"Running Make libs in ps7_cortexa9_0/libsrc/scutimer_v2_1/src"
make -C ps7_cortexa9_0/libsrc/scutimer_v2_1/src -s libs  "SHELL=CMD" "COMPILER=arm-none-eabi-gcc" "ARCHIVER=arm-none-eabi-ar" "COMPILER_FLAGS=  -O2 -c" "EXTRA_COMPILER_FLAGS=-mcpu=cortex-a9 -mfpu=vfpv3 -mfloat-abi=hard -nostartfiles -g -Wall -Wextra"
"Compiling scutimer"
"Running Make libs in ps7_cortexa9_0/libsrc/scuwdt_v2_1/src"
make -C ps7_cortexa9_0/libsrc/scuwdt_v2_1/src -s libs  "SHELL=CMD" "COMPILER=arm-none-eabi-gcc" "ARCHIVER=arm-none-eabi-ar" "COMPILER_FLAGS=  -O2 -c" "EXTRA_COMPILER_FLAGS=-mcpu=cortex-a9 -mfpu=vfpv3 -mfloat-abi=hard -nostartfiles -g -Wall -Wextra"
"Compiling scuwdt"
"Running Make libs in ps7_cortexa9_0/libsrc/sdps_v3_6/src"
make -C ps7_cortexa9_0/libsrc/sdps_v3_6/src -s libs  "SHELL=CMD" "COMPILER=arm-none-eabi-gcc" "ARCHIVER=arm-none-eabi-ar" "COMPILER_FLAGS=  -O2 -c" "EXTRA_COMPILER_FLAGS=-mcpu=cortex-a9 -mfpu=vfpv3 -mfloat-abi=hard -nostartfiles -g -Wall -Wextra"
"Compiling sdps"
"Running Make libs in ps7_cortexa9_0/libsrc/standalone_v6_8/src"
make -C ps7_cortexa9_0/libsrc/standalone_v6_8/src -s libs  "SHELL=CMD" "COMPILER=arm-none-eabi-gcc" "ARCHIVER=arm-none-eabi-ar" "COMPILER_FLAGS=  -O2 -c" "EXTRA_COMPILER_FLAGS=-mcpu=cortex-a9 -mfpu=vfpv3 -mfloat-abi=hard -nostartfiles -g -Wall -Wextra"
"Compiling standalone"
In file included from sleep.c:53:0:
xtime_l.h:87:9: note: #pragma message: For the sleep routines, Global timer is being used
 #pragma message ("For the sleep routines, Global timer is being used")
         ^~~~~~~
In file included from usleep.c:56:0:
xtime_l.h:87:9: note: #pragma message: For the sleep routines, Global timer is being used
 #pragma message ("For the sleep routines, Global timer is being used")
         ^~~~~~~
In file included from xil_sleeptimer.c:51:0:
xtime_l.h:87:9: note: #pragma message: For the sleep routines, Global timer is being used
 #pragma message ("For the sleep routines, Global timer is being used")
         ^~~~~~~
In file included from xtime_l.c:49:0:
xtime_l.h:87:9: note: #pragma message: For the sleep routines, Global timer is being used
 #pragma message ("For the sleep routines, Global timer is being used")
         ^~~~~~~
"Running Make libs in ps7_cortexa9_0/libsrc/uartps_v3_7/src"
make -C ps7_cortexa9_0/libsrc/uartps_v3_7/src -s libs  "SHELL=CMD" "COMPILER=arm-none-eabi-gcc" "ARCHIVER=arm-none-eabi-ar" "COMPILER_FLAGS=  -O2 -c" "EXTRA_COMPILER_FLAGS=-mcpu=cortex-a9 -mfpu=vfpv3 -mfloat-abi=hard -nostartfiles -g -Wall -Wextra"
"Compiling uartps"
"Running Make libs in ps7_cortexa9_0/libsrc/usbps_v2_4/src"
make -C ps7_cortexa9_0/libsrc/usbps_v2_4/src -s libs  "SHELL=CMD" "COMPILER=arm-none-eabi-gcc" "ARCHIVER=arm-none-eabi-ar" "COMPILER_FLAGS=  -O2 -c" "EXTRA_COMPILER_FLAGS=-mcpu=cortex-a9 -mfpu=vfpv3 -mfloat-abi=hard -nostartfiles -g -Wall -Wextra"
"Compiling usbps"
"Running Make libs in ps7_cortexa9_0/libsrc/xadcps_v2_3/src"
make -C ps7_cortexa9_0/libsrc/xadcps_v2_3/src -s libs  "SHELL=CMD" "COMPILER=arm-none-eabi-gcc" "ARCHIVER=arm-none-eabi-ar" "COMPILER_FLAGS=  -O2 -c" "EXTRA_COMPILER_FLAGS=-mcpu=cortex-a9 -mfpu=vfpv3 -mfloat-abi=hard -nostartfiles -g -Wall -Wextra"
"Compiling xadcps"
"Running Make libs in ps7_cortexa9_0/libsrc/YOLO2_FPGA_v1_0/src"
make -C ps7_cortexa9_0/libsrc/YOLO2_FPGA_v1_0/src -s libs  "SHELL=CMD" "COMPILER=arm-none-eabi-gcc" "ARCHIVER=arm-none-eabi-ar" "COMPILER_FLAGS=  -O2 -c" "EXTRA_COMPILER_FLAGS=-mcpu=cortex-a9 -mfpu=vfpv3 -mfloat-abi=hard -nostartfiles -g -Wall -Wextra"
"Compiling YOLO2_FPGA"
'Finished building libraries'
16:21:35 **** Build of configuration Debug for project yolov2_coco ****
make pre-build main-build 
a9-linaro-pre-build-step
' '
'Building file: ../src/helloworld.c'
'Invoking: ARM v7 gcc compiler'
arm-none-eabi-gcc -Wall -O0 -g3 -c -fmessage-length=0 -MT"src/helloworld.o" -mcpu=cortex-a9 -mfpu=vfpv3 -mfloat-abi=hard -I../../yolov2_coco_bsp/ps7_cortexa9_0/include -MMD -MP -MF"src/helloworld.d" -MT"src/helloworld.o" -o "src/helloworld.o" "../src/helloworld.c"
'Finished building: ../src/helloworld.c'
' '
'Building file: ../src/platform.c'
'Invoking: ARM v7 gcc compiler'
arm-none-eabi-gcc -Wall -O0 -g3 -c -fmessage-length=0 -MT"src/platform.o" -mcpu=cortex-a9 -mfpu=vfpv3 -mfloat-abi=hard -I../../yolov2_coco_bsp/ps7_cortexa9_0/include -MMD -MP -MF"src/platform.d" -MT"src/platform.o" -o "src/platform.o" "../src/platform.c"
'Finished building: ../src/platform.c'
' '
'Building target: yolov2_coco.elf'
'Invoking: ARM v7 gcc linker'
arm-none-eabi-gcc -mcpu=cortex-a9 -mfpu=vfpv3 -mfloat-abi=hard -Wl,-build-id=none -specs=Xilinx.spec -Wl,-T -Wl,../src/lscript.ld -L../../yolov2_coco_bsp/ps7_cortexa9_0/lib -o "yolov2_coco.elf"  ./src/helloworld.o ./src/platform.o   -Wl,--start-group,-lxil,-lgcc,-lc,--end-group
'Finished building target: yolov2_coco.elf'
' '
'Invoking: ARM v7 Print Size'
arm-none-eabi-size yolov2_coco.elf  |tee "yolov2_coco.elf.size"
   text	   data	    bss	    dec	    hex	filename
  19352	   1144	  22568	  43064	   a838	yolov2_coco.elf
'Finished building: yolov2_coco.elf.size'
' '
16:21:38 **** Incremental Build of configuration Debug for project yolov2_coco ****
make pre-build main-build 
a9-linaro-pre-build-step
' '
make: Nothing to be done for `main-build'.
16:57:45 **** Auto Build of configuration Debug for project yolov2_coco ****
make pre-build main-build 
a9-linaro-pre-build-step
' '
'Building file: ../src/helloworld.c'
'Invoking: ARM v7 gcc compiler'
arm-none-eabi-gcc -Wall -O0 -g3 -c -fmessage-length=0 -MT"src/helloworld.o" -mcpu=cortex-a9 -mfpu=vfpv3 -mfloat-abi=hard -I../../yolov2_coco_bsp/ps7_cortexa9_0/include -MMD -MP -MF"src/helloworld.d" -MT"src/helloworld.o" -o "src/helloworld.o" "../src/helloworld.c"
../src/helloworld.c: In function 'main':
../src/helloworld.c:57:20: warning: implicit declaration of function 'get_labels' [-Wimplicit-function-declaration]
     char **names = get_labels("coco.names");
                    ^~~~~~~~~~
../src/helloworld.c:57:20: warning: initialization makes pointer from integer without a cast [-Wint-conversion]
../src/helloworld.c:57:12: warning: unused variable 'names' [-Wunused-variable]
     char **names = get_labels("coco.names");
            ^~~~~
'Finished building: ../src/helloworld.c'
' '
'Building target: yolov2_coco.elf'
'Invoking: ARM v7 gcc linker'
arm-none-eabi-gcc -mcpu=cortex-a9 -mfpu=vfpv3 -mfloat-abi=hard -Wl,-build-id=none -specs=Xilinx.spec -Wl,-T -Wl,../src/lscript.ld -L../../yolov2_coco_bsp/ps7_cortexa9_0/lib -o "yolov2_coco.elf"  ./src/helloworld.o ./src/platform.o   -Wl,--start-group,-lxil,-lgcc,-lc,--end-group
./src/helloworld.o: In function `main':
F:\C_plus_prj\yolo3_sdk\YOLOv3_xilinx_SDK\yolov2_coco\Debug/../src/helloworld.c:57: undefined reference to `get_labels'
collect2.exe: error: ld returned 1 exit status
make: *** [yolov2_coco.elf] ´íÎó 1
16:58:26 **** Auto Build of configuration Debug for project yolov2_coco ****
make pre-build main-build 
a9-linaro-pre-build-step
' '
'Building target: yolov2_coco.elf'
'Invoking: ARM v7 gcc linker'
arm-none-eabi-gcc -mcpu=cortex-a9 -mfpu=vfpv3 -mfloat-abi=hard -Wl,-build-id=none -specs=Xilinx.spec -Wl,-T -Wl,../src/lscript.ld -L../../yolov2_coco_bsp/ps7_cortexa9_0/lib -o "yolov2_coco.elf"  ./src/helloworld.o ./src/platform.o   -Wl,--start-group,-lxil,-lgcc,-lc,--end-group
./src/helloworld.o: In function `main':
F:\C_plus_prj\yolo3_sdk\YOLOv3_xilinx_SDK\yolov2_coco\Debug/../src/helloworld.c:57: undefined reference to `get_labels'
collect2.exe: error: ld returned 1 exit status
make: *** [yolov2_coco.elf] ´íÎó 1
16:58:58 **** Auto Build of configuration Debug for project yolov2_coco ****
make pre-build main-build 
a9-linaro-pre-build-step
' '
'Building target: yolov2_coco.elf'
'Invoking: ARM v7 gcc linker'
arm-none-eabi-gcc -mcpu=cortex-a9 -mfpu=vfpv3 -mfloat-abi=hard -Wl,-build-id=none -specs=Xilinx.spec -Wl,-T -Wl,../src/lscript.ld -L../../yolov2_coco_bsp/ps7_cortexa9_0/lib -o "yolov2_coco.elf"  ./src/helloworld.o ./src/platform.o   -Wl,--start-group,-lxil,-lgcc,-lc,--end-group
./src/helloworld.o: In function `main':
F:\C_plus_prj\yolo3_sdk\YOLOv3_xilinx_SDK\yolov2_coco\Debug/../src/helloworld.c:57: undefined reference to `get_labels'
collect2.exe: error: ld returned 1 exit status
make: *** [yolov2_coco.elf] ´íÎó 1
17:00:27 **** Auto Build of configuration Debug for project yolov2_coco ****
make pre-build main-build 
a9-linaro-pre-build-step
' '
'Building target: yolov2_coco.elf'
'Invoking: ARM v7 gcc linker'
arm-none-eabi-gcc -mcpu=cortex-a9 -mfpu=vfpv3 -mfloat-abi=hard -Wl,-build-id=none -specs=Xilinx.spec -Wl,-T -Wl,../src/lscript.ld -L../../yolov2_coco_bsp/ps7_cortexa9_0/lib -o "yolov2_coco.elf"  ./src/helloworld.o ./src/platform.o   -Wl,--start-group,-lxil,-lgcc,-lc,--end-group
./src/helloworld.o: In function `main':
F:\C_plus_prj\yolo3_sdk\YOLOv3_xilinx_SDK\yolov2_coco\Debug/../src/helloworld.c:57: undefined reference to `get_labels'
collect2.exe: error: ld returned 1 exit status
make: *** [yolov2_coco.elf] ´íÎó 1
17:00:30 **** Auto Build of configuration Debug for project yolov2_coco ****
make pre-build main-build 
a9-linaro-pre-build-step
' '
'Building target: yolov2_coco.elf'
'Invoking: ARM v7 gcc linker'
arm-none-eabi-gcc -mcpu=cortex-a9 -mfpu=vfpv3 -mfloat-abi=hard -Wl,-build-id=none -specs=Xilinx.spec -Wl,-T -Wl,../src/lscript.ld -L../../yolov2_coco_bsp/ps7_cortexa9_0/lib -o "yolov2_coco.elf"  ./src/helloworld.o ./src/platform.o   -Wl,--start-group,-lxil,-lgcc,-lc,--end-group
./src/helloworld.o: In function `main':
F:\C_plus_prj\yolo3_sdk\YOLOv3_xilinx_SDK\yolov2_coco\Debug/../src/helloworld.c:57: undefined reference to `get_labels'
collect2.exe: error: ld returned 1 exit status
make: *** [yolov2_coco.elf] ´íÎó 1
17:00:52 **** Auto Build of configuration Debug for project yolov2_coco ****
make pre-build main-build 
a9-linaro-pre-build-step
' '
'Building target: yolov2_coco.elf'
'Invoking: ARM v7 gcc linker'
arm-none-eabi-gcc -mcpu=cortex-a9 -mfpu=vfpv3 -mfloat-abi=hard -Wl,-build-id=none -specs=Xilinx.spec -Wl,-T -Wl,../src/lscript.ld -L../../yolov2_coco_bsp/ps7_cortexa9_0/lib -o "yolov2_coco.elf"  ./src/helloworld.o ./src/platform.o   -Wl,--start-group,-lxil,-lgcc,-lc,--end-group
./src/helloworld.o: In function `main':
F:\C_plus_prj\yolo3_sdk\YOLOv3_xilinx_SDK\yolov2_coco\Debug/../src/helloworld.c:57: undefined reference to `get_labels'
collect2.exe: error: ld returned 1 exit status
make: *** [yolov2_coco.elf] ´íÎó 1
17:00:56 **** Auto Build of configuration Debug for project yolov2_coco ****
make pre-build main-build 
a9-linaro-pre-build-step
' '
'Building target: yolov2_coco.elf'
'Invoking: ARM v7 gcc linker'
arm-none-eabi-gcc -mcpu=cortex-a9 -mfpu=vfpv3 -mfloat-abi=hard -Wl,-build-id=none -specs=Xilinx.spec -Wl,-T -Wl,../src/lscript.ld -L../../yolov2_coco_bsp/ps7_cortexa9_0/lib -o "yolov2_coco.elf"  ./src/helloworld.o ./src/platform.o   -Wl,--start-group,-lxil,-lgcc,-lc,--end-group
./src/helloworld.o: In function `main':
F:\C_plus_prj\yolo3_sdk\YOLOv3_xilinx_SDK\yolov2_coco\Debug/../src/helloworld.c:57: undefined reference to `get_labels'
collect2.exe: error: ld returned 1 exit status
make: *** [yolov2_coco.elf] ´íÎó 1
17:01:14 **** Incremental Build of configuration Debug for project yolov2_coco ****
make pre-build main-build 
a9-linaro-pre-build-step
' '
'Building target: yolov2_coco.elf'
'Invoking: ARM v7 gcc linker'
arm-none-eabi-gcc -mcpu=cortex-a9 -mfpu=vfpv3 -mfloat-abi=hard -Wl,-build-id=none -specs=Xilinx.spec -Wl,-T -Wl,../src/lscript.ld -L../../yolov2_coco_bsp/ps7_cortexa9_0/lib -o "yolov2_coco.elf"  ./src/helloworld.o ./src/platform.o   -Wl,--start-group,-lxil,-lgcc,-lc,--end-group
./src/helloworld.o: In function `main':
F:\C_plus_prj\yolo3_sdk\YOLOv3_xilinx_SDK\yolov2_coco\Debug/../src/helloworld.c:57: undefined reference to `get_labels'
collect2.exe: error: ld returned 1 exit status
make: *** [yolov2_coco.elf] ´íÎó 1
17:01:33 **** Auto Build of configuration Debug for project yolov2_coco ****
make pre-build main-build 
a9-linaro-pre-build-step
' '
'Building file: ../src/helloworld.c'
'Invoking: ARM v7 gcc compiler'
arm-none-eabi-gcc -Wall -O0 -g3 -c -fmessage-length=0 -MT"src/helloworld.o" -mcpu=cortex-a9 -mfpu=vfpv3 -mfloat-abi=hard -I../../yolov2_coco_bsp/ps7_cortexa9_0/include -MMD -MP -MF"src/helloworld.d" -MT"src/helloworld.o" -o "src/helloworld.o" "../src/helloworld.c"
In file included from ../src/helloworld.c:51:0:
../src/yolov2.h:7:10: fatal error: iostream: No such file or directory
 #include <iostream>
          ^~~~~~~~~~
compilation terminated.
make: *** [src/helloworld.o] ´íÎó 1
17:01:44 **** Auto Build of configuration Debug for project yolov2_coco ****
make pre-build main-build 
a9-linaro-pre-build-step
' '
'Building file: ../src/helloworld.c'
'Invoking: ARM v7 gcc compiler'
arm-none-eabi-gcc -Wall -O0 -g3 -c -fmessage-length=0 -MT"src/helloworld.o" -mcpu=cortex-a9 -mfpu=vfpv3 -mfloat-abi=hard -I../../yolov2_coco_bsp/ps7_cortexa9_0/include -MMD -MP -MF"src/helloworld.d" -MT"src/helloworld.o" -o "src/helloworld.o" "../src/helloworld.c"
In file included from ../src/helloworld.c:51:0:
../src/yolov2.h:18:10: fatal error: cnn.h: No such file or directory
 #include "cnn.h"
          ^~~~~~~
compilation terminated.
make: *** [src/helloworld.o] ´íÎó 1
17:01:53 **** Auto Build of configuration Debug for project yolov2_coco ****
make pre-build main-build 
a9-linaro-pre-build-step
' '
'Building file: ../src/helloworld.c'
'Invoking: ARM v7 gcc compiler'
arm-none-eabi-gcc -Wall -O0 -g3 -c -fmessage-length=0 -MT"src/helloworld.o" -mcpu=cortex-a9 -mfpu=vfpv3 -mfloat-abi=hard -I../../yolov2_coco_bsp/ps7_cortexa9_0/include -MMD -MP -MF"src/helloworld.d" -MT"src/helloworld.o" -o "src/helloworld.o" "../src/helloworld.c"
In file included from ../src/helloworld.c:51:0:
../src/yolov2.h: In function 'fgetl':
../src/yolov2.h:736:27: warning: format '%ld' expects argument of type 'long int', but argument 2 has type 'size_t {aka unsigned int}' [-Wformat=]
                 printf("%ld\n", size);
                         ~~^
                         %d
../src/yolov2.h: In function 'CONV_Padding_Relu':
../src/yolov2.h:1530:8: error: unknown type name 'bool'; did you mean 'box'?
        bool inFM_width  = ((x*Kernel_stride + n - Padding) >= 0)&&((x*Kernel_stride + n - Padding) < Input_w);
        ^~~~
        box
../src/yolov2.h:1531:8: error: unknown type name 'bool'; did you mean 'box'?
        bool inFM_height = ((y*Kernel_stride + m - Padding) >= 0)&&((y*Kernel_stride + m - Padding) < Input_h);
        ^~~~
        box
../src/yolov2.h: In function 'forward_convolutional_layer':
../src/yolov2.h:1545:12: warning: unused variable 'j' [-Wunused-variable]
     int i, j;
            ^
../src/yolov2.h:1545:9: warning: unused variable 'i' [-Wunused-variable]
     int i, j;
         ^
../src/yolov2.h: In function 'make_convolutional_layer':
../src/yolov2.h:1589:9: warning: unused variable 'i' [-Wunused-variable]
     int i;
         ^
../src/yolov2.h: In function 'forward_route_layer':
../src/yolov2.h:1715:12: warning: unused variable 'j' [-Wunused-variable]
     int i, j;
            ^
../src/yolov2.h: In function 'forward_yolo_layer':
../src/yolov2.h:1762:15: warning: unused variable 't' [-Wunused-variable]
     int i,j,b,t,n;
               ^
../src/yolov2.h:1762:11: warning: unused variable 'j' [-Wunused-variable]
     int i,j,b,t,n;
           ^
../src/yolov2.h:1762:9: warning: unused variable 'i' [-Wunused-variable]
     int i,j,b,t,n;
         ^
../src/yolov2.h: In function 'forward_region_layer':
../src/yolov2.h:2116:15: warning: unused variable 't' [-Wunused-variable]
     int i,j,b,t,n;
               ^
../src/yolov2.h:2116:11: warning: unused variable 'j' [-Wunused-variable]
     int i,j,b,t,n;
           ^
../src/yolov2.h:2116:9: warning: unused variable 'i' [-Wunused-variable]
     int i,j,b,t,n;
         ^
../src/yolov2.h: In function 'parse_region':
../src/yolov2.h:2221:11: warning: unused variable 'map_file' [-Wunused-variable]
     char *map_file = option_find_str(options, "map", 0);
           ^~~~~~~~
../src/yolov2.h:2219:11: warning: unused variable 'tree_file' [-Wunused-variable]
     char *tree_file = option_find_str(options, "tree", 0);
           ^~~~~~~~~
../src/yolov2.h: In function 'forward_reorg_layer':
../src/yolov2.h:2266:9: warning: unused variable 'i' [-Wunused-variable]
     int i;
         ^
../src/yolov2.h: In function 'make_reorg_layer':
../src/yolov2.h:2321:9: warning: unused variable 'output_size' [-Wunused-variable]
     int output_size = l.outputs * batch;
         ^~~~~~~~~~~
../src/yolov2.h: In function 'make_maxpool_layer':
../src/yolov2.h:2402:9: warning: unused variable 'output_size' [-Wunused-variable]
     int output_size = l.out_h * l.out_w * l.out_c * batch;
         ^~~~~~~~~~~
../src/yolov2.h: In function 'get_region_detections':
../src/yolov2.h:3055:17: warning: unused variable 'class_index' [-Wunused-variable]
             int class_index = entry_index(l, 0, n*l.w*l.h + i, l.coords + !l.background);
                 ^~~~~~~~~~~
../src/yolov2.h: In function 'yolov2_hls_ps':
../src/yolov2.h:3527:2: error: unknown type name 'bool'; did you mean 'box'?
  bool NextPixelInFlag = true;
  ^~~~
  box
../src/yolov2.h:3527:25: error: 'true' undeclared (first use in this function); did you mean 'time'?
  bool NextPixelInFlag = true;
                         ^~~~
                         time
../src/yolov2.h:3527:25: note: each undeclared identifier is reported only once for each function it appears in
../src/yolov2.h:3535:22: error: 'false' undeclared (first use in this function); did you mean 'fabsl'?
    NextPixelInFlag = false;
                      ^~~~~
                      fabsl
In file included from ../src/helloworld.c:51:0:
../src/yolov2.h:3664:5: warning: implicit declaration of function 'YOLO2_FPGA' [-Wimplicit-function-declaration]
     YOLO2_FPGA(in_ptr[i],out_ptr[i],Weight_buf+woffset/2,Beta_buf+boffset/2,
     ^~~~~~~~~~
../src/yolov2.h:3732:5: error: unknown type name 'bool'; did you mean 'box'?
     bool NextPixelFlag = true;
     ^~~~
     box
In file included from ../src/helloworld.c:51:0:
../src/yolov2.h:3642:3: warning: enumeration value 'DECONVOLUTIONAL' not handled in switch [-Wswitch]
   switch(l.type)
   ^~~~~~
../src/yolov2.h:3642:3: warning: enumeration value 'CONNECTED' not handled in switch [-Wswitch]
../src/yolov2.h:3642:3: warning: enumeration value 'SOFTMAX' not handled in switch [-Wswitch]
../src/yolov2.h:3642:3: warning: enumeration value 'DETECTION' not handled in switch [-Wswitch]
../src/yolov2.h:3642:3: warning: enumeration value 'DROPOUT' not handled in switch [-Wswitch]
../src/yolov2.h:3642:3: warning: enumeration value 'CROP' not handled in switch [-Wswitch]
../src/yolov2.h:3642:3: warning: enumeration value 'COST' not handled in switch [-Wswitch]
../src/yolov2.h:3642:3: warning: enumeration value 'NORMALIZATION' not handled in switch [-Wswitch]
../src/yolov2.h:3642:3: warning: enumeration value 'AVGPOOL' not handled in switch [-Wswitch]
../src/yolov2.h:3642:3: warning: enumeration value 'LOCAL' not handled in switch [-Wswitch]
../src/yolov2.h:3642:3: warning: enumeration value 'SHORTCUT' not handled in switch [-Wswitch]
../src/yolov2.h:3642:3: warning: enumeration value 'ACTIVE' not handled in switch [-Wswitch]
../src/yolov2.h:3642:3: warning: enumeration value 'RNN' not handled in switch [-Wswitch]
../src/yolov2.h:3642:3: warning: enumeration value 'GRU' not handled in switch [-Wswitch]
../src/yolov2.h:3642:3: warning: enumeration value 'LSTM' not handled in switch [-Wswitch]
../src/yolov2.h:3642:3: warning: enumeration value 'CRNN' not handled in switch [-Wswitch]
../src/yolov2.h:3642:3: warning: enumeration value 'BATCHNORM' not handled in switch [-Wswitch]
../src/yolov2.h:3642:3: warning: enumeration value 'NETWORK' not handled in switch [-Wswitch]
../src/yolov2.h:3642:3: warning: enumeration value 'XNOR' not handled in switch [-Wswitch]
../src/yolov2.h:3642:3: warning: enumeration value 'YOLO' not handled in switch [-Wswitch]
../src/yolov2.h:3642:3: warning: enumeration value 'UPSAMPLE' not handled in switch [-Wswitch]
../src/yolov2.h:3642:3: warning: enumeration value 'LOGXENT' not handled in switch [-Wswitch]
../src/yolov2.h:3642:3: warning: enumeration value 'L2NORM' not handled in switch [-Wswitch]
../src/yolov2.h:3642:3: warning: enumeration value 'BLANK' not handled in switch [-Wswitch]
../src/yolov2.h:3635:8: warning: unused variable 'offchip_factor' [-Wunused-variable]
  float offchip_factor = 1.5;
        ^~~~~~~~~~~~~~
../src/helloworld.c: In function 'main':
../src/helloworld.c:57:12: warning: unused variable 'names' [-Wunused-variable]
     char **names = get_labels("coco.names");
            ^~~~~
make: *** [src/helloworld.o] ´íÎó 1
17:04:40 **** Auto Build of configuration Debug for project yolov2_coco ****
make pre-build main-build 
a9-linaro-pre-build-step
' '
'Building file: ../src/helloworld.c'
'Invoking: ARM v7 gcc compiler'
arm-none-eabi-gcc -Wall -O0 -g3 -c -fmessage-length=0 -MT"src/helloworld.o" -mcpu=cortex-a9 -mfpu=vfpv3 -mfloat-abi=hard -I../../yolov2_coco_bsp/ps7_cortexa9_0/include -MMD -MP -MF"src/helloworld.d" -MT"src/helloworld.o" -o "src/helloworld.o" "../src/helloworld.c"
In file included from ../src/helloworld.c:51:0:
../src/yolov2.h: In function 'fgetl':
../src/yolov2.h:736:27: warning: format '%ld' expects argument of type 'long int', but argument 2 has type 'size_t {aka unsigned int}' [-Wformat=]
                 printf("%ld\n", size);
                         ~~^
                         %d
../src/yolov2.h: In function 'make_convolutional_layer':
../src/yolov2.h:1550:17: error: 'forward_convolutional_layer' undeclared (first use in this function); did you mean 'make_convolutional_layer'?
     l.forward = forward_convolutional_layer;
                 ^~~~~~~~~~~~~~~~~~~~~~~~~~~
                 make_convolutional_layer
../src/yolov2.h:1550:17: note: each undeclared identifier is reported only once for each function it appears in
../src/yolov2.h:1517:9: warning: unused variable 'i' [-Wunused-variable]
     int i;
         ^
../src/yolov2.h: In function 'forward_route_layer':
../src/yolov2.h:1643:12: warning: unused variable 'j' [-Wunused-variable]
     int i, j;
            ^
../src/yolov2.h: In function 'forward_yolo_layer':
../src/yolov2.h:1690:15: warning: unused variable 't' [-Wunused-variable]
     int i,j,b,t,n;
               ^
../src/yolov2.h:1690:11: warning: unused variable 'j' [-Wunused-variable]
     int i,j,b,t,n;
           ^
../src/yolov2.h:1690:9: warning: unused variable 'i' [-Wunused-variable]
     int i,j,b,t,n;
         ^
../src/yolov2.h: In function 'forward_region_layer':
../src/yolov2.h:2044:15: warning: unused variable 't' [-Wunused-variable]
     int i,j,b,t,n;
               ^
../src/yolov2.h:2044:11: warning: unused variable 'j' [-Wunused-variable]
     int i,j,b,t,n;
           ^
../src/yolov2.h:2044:9: warning: unused variable 'i' [-Wunused-variable]
     int i,j,b,t,n;
         ^
../src/yolov2.h: In function 'parse_region':
../src/yolov2.h:2149:11: warning: unused variable 'map_file' [-Wunused-variable]
     char *map_file = option_find_str(options, "map", 0);
           ^~~~~~~~
../src/yolov2.h:2147:11: warning: unused variable 'tree_file' [-Wunused-variable]
     char *tree_file = option_find_str(options, "tree", 0);
           ^~~~~~~~~
../src/yolov2.h: In function 'forward_reorg_layer':
../src/yolov2.h:2194:9: warning: unused variable 'i' [-Wunused-variable]
     int i;
         ^
../src/yolov2.h: In function 'make_reorg_layer':
../src/yolov2.h:2249:9: warning: unused variable 'output_size' [-Wunused-variable]
     int output_size = l.outputs * batch;
         ^~~~~~~~~~~
../src/yolov2.h: In function 'make_maxpool_layer':
../src/yolov2.h:2330:9: warning: unused variable 'output_size' [-Wunused-variable]
     int output_size = l.out_h * l.out_w * l.out_c * batch;
         ^~~~~~~~~~~
../src/yolov2.h: In function 'get_region_detections':
../src/yolov2.h:2983:17: warning: unused variable 'class_index' [-Wunused-variable]
             int class_index = entry_index(l, 0, n*l.w*l.h + i, l.coords + !l.background);
                 ^~~~~~~~~~~
../src/yolov2.h: In function 'yolov2_hls_ps':
../src/yolov2.h:3455:2: error: unknown type name 'bool'; did you mean 'box'?
  bool NextPixelInFlag = true;
  ^~~~
  box
../src/yolov2.h:3455:25: error: 'true' undeclared (first use in this function); did you mean 'time'?
  bool NextPixelInFlag = true;
                         ^~~~
                         time
../src/yolov2.h:3463:22: error: 'false' undeclared (first use in this function); did you mean 'fabsl'?
    NextPixelInFlag = false;
                      ^~~~~
                      fabsl
In file included from ../src/helloworld.c:51:0:
../src/yolov2.h:3592:5: warning: implicit declaration of function 'YOLO2_FPGA' [-Wimplicit-function-declaration]
     YOLO2_FPGA(in_ptr[i],out_ptr[i],Weight_buf+woffset/2,Beta_buf+boffset/2,
     ^~~~~~~~~~
../src/yolov2.h:3660:5: error: unknown type name 'bool'; did you mean 'box'?
     bool NextPixelFlag = true;
     ^~~~
     box
In file included from ../src/helloworld.c:51:0:
../src/yolov2.h:3570:3: warning: enumeration value 'DECONVOLUTIONAL' not handled in switch [-Wswitch]
   switch(l.type)
   ^~~~~~
../src/yolov2.h:3570:3: warning: enumeration value 'CONNECTED' not handled in switch [-Wswitch]
../src/yolov2.h:3570:3: warning: enumeration value 'SOFTMAX' not handled in switch [-Wswitch]
../src/yolov2.h:3570:3: warning: enumeration value 'DETECTION' not handled in switch [-Wswitch]
../src/yolov2.h:3570:3: warning: enumeration value 'DROPOUT' not handled in switch [-Wswitch]
../src/yolov2.h:3570:3: warning: enumeration value 'CROP' not handled in switch [-Wswitch]
../src/yolov2.h:3570:3: warning: enumeration value 'COST' not handled in switch [-Wswitch]
../src/yolov2.h:3570:3: warning: enumeration value 'NORMALIZATION' not handled in switch [-Wswitch]
../src/yolov2.h:3570:3: warning: enumeration value 'AVGPOOL' not handled in switch [-Wswitch]
../src/yolov2.h:3570:3: warning: enumeration value 'LOCAL' not handled in switch [-Wswitch]
../src/yolov2.h:3570:3: warning: enumeration value 'SHORTCUT' not handled in switch [-Wswitch]
../src/yolov2.h:3570:3: warning: enumeration value 'ACTIVE' not handled in switch [-Wswitch]
../src/yolov2.h:3570:3: warning: enumeration value 'RNN' not handled in switch [-Wswitch]
../src/yolov2.h:3570:3: warning: enumeration value 'GRU' not handled in switch [-Wswitch]
../src/yolov2.h:3570:3: warning: enumeration value 'LSTM' not handled in switch [-Wswitch]
../src/yolov2.h:3570:3: warning: enumeration value 'CRNN' not handled in switch [-Wswitch]
../src/yolov2.h:3570:3: warning: enumeration value 'BATCHNORM' not handled in switch [-Wswitch]
../src/yolov2.h:3570:3: warning: enumeration value 'NETWORK' not handled in switch [-Wswitch]
../src/yolov2.h:3570:3: warning: enumeration value 'XNOR' not handled in switch [-Wswitch]
../src/yolov2.h:3570:3: warning: enumeration value 'YOLO' not handled in switch [-Wswitch]
../src/yolov2.h:3570:3: warning: enumeration value 'UPSAMPLE' not handled in switch [-Wswitch]
../src/yolov2.h:3570:3: warning: enumeration value 'LOGXENT' not handled in switch [-Wswitch]
../src/yolov2.h:3570:3: warning: enumeration value 'L2NORM' not handled in switch [-Wswitch]
[...]
../src/yolov2.h:3604:3: warning: enumeration value 'BATCHNORM' not handled in switch [-Wswitch]
../src/yolov2.h:3604:3: warning: enumeration value 'NETWORK' not handled in switch [-Wswitch]
../src/yolov2.h:3604:3: warning: enumeration value 'XNOR' not handled in switch [-Wswitch]
../src/yolov2.h:3604:3: warning: enumeration value 'YOLO' not handled in switch [-Wswitch]
../src/yolov2.h:3604:3: warning: enumeration value 'UPSAMPLE' not handled in switch [-Wswitch]
../src/yolov2.h:3604:3: warning: enumeration value 'LOGXENT' not handled in switch [-Wswitch]
../src/yolov2.h:3604:3: warning: enumeration value 'L2NORM' not handled in switch [-Wswitch]
../src/yolov2.h:3604:3: warning: enumeration value 'BLANK' not handled in switch [-Wswitch]
../src/yolov2.h:3597:8: warning: unused variable 'offchip_factor' [-Wunused-variable]
  float offchip_factor = 1.5;
        ^~~~~~~~~~~~~~
'Finished building: ../src/helloworld.c'
' '
'Building target: yolov2_coco.elf'
'Invoking: ARM v7 gcc linker'
arm-none-eabi-gcc -mcpu=cortex-a9 -mfpu=vfpv3 -mfloat-abi=hard -Wl,-build-id=none -specs=Xilinx.spec -Wl,-T -Wl,../src/lscript.ld -L../../yolov2_coco_bsp/ps7_cortexa9_0/lib -o "yolov2_coco.elf"  ./src/helloworld.o ./src/platform.o   -Wl,--start-group,-lxil,-lgcc,-lc,--end-group
./src/helloworld.o: In function `stbi__ldr_to_hdr':
F:\C_plus_prj\yolo3_sdk\YOLOv3_xilinx_SDK\yolov2_coco\Debug/../src/stb_image.h:1624: undefined reference to `pow'
./src/helloworld.o: In function `stbi__hdr_to_ldr':
F:\C_plus_prj\yolo3_sdk\YOLOv3_xilinx_SDK\yolov2_coco\Debug/../src/stb_image.h:1646: undefined reference to `pow'
./src/helloworld.o: In function `get_yolo_box':
F:\C_plus_prj\yolo3_sdk\YOLOv3_xilinx_SDK\yolov2_coco\Debug/../src/yolov2.h:2869: undefined reference to `exp'
F:\C_plus_prj\yolo3_sdk\YOLOv3_xilinx_SDK\yolov2_coco\Debug/../src/yolov2.h:2870: undefined reference to `exp'
./src/helloworld.o: In function `get_region_box':
F:\C_plus_prj\yolo3_sdk\YOLOv3_xilinx_SDK\yolov2_coco\Debug/../src/yolov2.h:2937: undefined reference to `exp'
F:\C_plus_prj\yolo3_sdk\YOLOv3_xilinx_SDK\yolov2_coco\Debug/../src/yolov2.h:2938: undefined reference to `exp'
./src/helloworld.o: In function `get_color':
F:\C_plus_prj\yolo3_sdk\YOLOv3_xilinx_SDK\yolov2_coco\Debug/../src/yolov2.h:3206: undefined reference to `floor'
F:\C_plus_prj\yolo3_sdk\YOLOv3_xilinx_SDK\yolov2_coco\Debug/../src/yolov2.h:3207: undefined reference to `ceil'
./src/helloworld.o: In function `yolov2_hls_ps':
F:\C_plus_prj\yolo3_sdk\YOLOv3_xilinx_SDK\yolov2_coco\Debug/../src/yolov2.h:3619: undefined reference to `ceil'
F:\C_plus_prj\yolo3_sdk\YOLOv3_xilinx_SDK\yolov2_coco\Debug/../src/yolov2.h:3620: undefined reference to `ceil'
F:\C_plus_prj\yolo3_sdk\YOLOv3_xilinx_SDK\yolov2_coco\Debug/../src/yolov2.h:3621: undefined reference to `ceil'
F:\C_plus_prj\yolo3_sdk\YOLOv3_xilinx_SDK\yolov2_coco\Debug/../src/yolov2.h:3622: undefined reference to `ceil'
F:\C_plus_prj\yolo3_sdk\YOLOv3_xilinx_SDK\yolov2_coco\Debug/../src/yolov2.h:3626: undefined reference to `YOLO2_FPGA'
F:\C_plus_prj\yolo3_sdk\YOLOv3_xilinx_SDK\yolov2_coco\Debug/../src/yolov2.h:3652: undefined reference to `ceil'
F:\C_plus_prj\yolo3_sdk\YOLOv3_xilinx_SDK\yolov2_coco\Debug/../src/yolov2.h:3653: undefined reference to `ceil'
F:\C_plus_prj\yolo3_sdk\YOLOv3_xilinx_SDK\yolov2_coco\Debug/../src/yolov2.h:3654: undefined reference to `ceil'
F:\C_plus_prj\yolo3_sdk\YOLOv3_xilinx_SDK\yolov2_coco\Debug/../src/yolov2.h:3656: undefined reference to `YOLO2_FPGA'
F:\C_plus_prj\yolo3_sdk\YOLOv3_xilinx_SDK\yolov2_coco\Debug/../src/yolov2.h:3672: undefined reference to `ceil'
F:\C_plus_prj\yolo3_sdk\YOLOv3_xilinx_SDK\yolov2_coco\Debug/../src/yolov2.h:3673: undefined reference to `ceil'
F:\C_plus_prj\yolo3_sdk\YOLOv3_xilinx_SDK\yolov2_coco\Debug/../src/yolov2.h:3676: undefined reference to `YOLO2_FPGA'
F:\C_plus_prj\yolo3_sdk\YOLOv3_xilinx_SDK\yolov2_coco\Debug/../src/yolov2.h:3693: undefined reference to `pow'
e:/xilinx/sdk/2018.2/gnu/aarch32/nt/gcc-arm-none-eabi/bin/../arm-none-eabi/libc/usr/lib/v7-a/fpv3/hard\libc.a(lib_a-gettimeofdayr.o): In function `_gettimeofday_r':
/proj/esdt_sdk/gnu_abe/ABE/builds/lin/arm/arm-linux/snapshots/newlib-newlib-2_4_0/newlib/libc/reent/gettimeofdayr.c:71: undefined reference to `_gettimeofday'
collect2.exe: error: ld returned 1 exit status
make: *** [yolov2_coco.elf] ´íÎó 1
21:56:12 **** Clean-only build of configuration Debug for project yolov2_coco ****
make clean 
rm -rf  ./src/helloworld.o ./src/platform.o  ./src/helloworld.d ./src/platform.d  yolov2_coco.elf.size  yolov2_coco.elf
' '
21:56:12 **** Auto Build of configuration Debug for project yolov2_coco ****
make pre-build main-build 
a9-linaro-pre-build-step
' '
'Building file: ../src/helloworld.c'
'Invoking: ARM v7 gcc compiler'
arm-none-eabi-gcc -Wall -O0 -g3 -c -fmessage-length=0 -MT"src/helloworld.o" -mcpu=cortex-a9 -mfpu=vfpv3 -mfloat-abi=hard -I../../yolov2_coco_bsp/ps7_cortexa9_0/include -MMD -MP -MF"src/helloworld.d" -MT"src/helloworld.o" -o "src/helloworld.o" "../src/helloworld.c"
In file included from ../src/helloworld.c:51:0:
../src/yolov2.h: In function 'fgetl':
../src/yolov2.h:737:27: warning: format '%ld' expects argument of type 'long int', but argument 2 has type 'size_t {aka unsigned int}' [-Wformat=]
                 printf("%ld\n", size);
                         ~~^
                         %d
../src/yolov2.h: In function 'activate':
../src/yolov2.h:1193:5: warning: enumeration value 'LOGISTIC' not handled in switch [-Wswitch]
     switch(a){
     ^~~~~~
../src/yolov2.h:1193:5: warning: enumeration value 'TANH' not handled in switch [-Wswitch]
../src/yolov2.h:1193:5: warning: enumeration value 'ELU' not handled in switch [-Wswitch]
../src/yolov2.h:1193:5: warning: enumeration value 'LOGGY' not handled in switch [-Wswitch]
../src/yolov2.h:1193:5: warning: enumeration value 'STAIR' not handled in switch [-Wswitch]
../src/yolov2.h: In function 'gradient':
../src/yolov2.h:1234:5: warning: enumeration value 'STAIR' not handled in switch [-Wswitch]
     switch(a){
     ^~~~~~
../src/yolov2.h: In function 'normalize_cpu':
../src/yolov2.h:1489:21: warning: unused variable 'index' [-Wunused-variable]
                 int index = b*filters*spatial + f*spatial + i;
                     ^~~~~
../src/yolov2.h: In function 'forward_convolutional_layer':
../src/yolov2.h:1507:12: warning: unused variable 'j' [-Wunused-variable]
     int i, j;
            ^
../src/yolov2.h:1507:9: warning: unused variable 'i' [-Wunused-variable]
     int i, j;
         ^
../src/yolov2.h: In function 'make_convolutional_layer':
../src/yolov2.h:1551:9: warning: unused variable 'i' [-Wunused-variable]
     int i;
         ^
../src/yolov2.h: In function 'forward_route_layer':
../src/yolov2.h:1677:12: warning: unused variable 'j' [-Wunused-variable]
     int i, j;
            ^
../src/yolov2.h: In function 'forward_yolo_layer':
../src/yolov2.h:1724:15: warning: unused variable 't' [-Wunused-variable]
     int i,j,b,t,n;
               ^
../src/yolov2.h:1724:11: warning: unused variable 'j' [-Wunused-variable]
     int i,j,b,t,n;
           ^
../src/yolov2.h:1724:9: warning: unused variable 'i' [-Wunused-variable]
     int i,j,b,t,n;
         ^
../src/yolov2.h: In function 'forward_region_layer':
../src/yolov2.h:2078:15: warning: unused variable 't' [-Wunused-variable]
     int i,j,b,t,n;
               ^
../src/yolov2.h:2078:11: warning: unused variable 'j' [-Wunused-variable]
     int i,j,b,t,n;
           ^
../src/yolov2.h:2078:9: warning: unused variable 'i' [-Wunused-variable]
     int i,j,b,t,n;
         ^
../src/yolov2.h: In function 'parse_region':
../src/yolov2.h:2183:11: warning: unused variable 'map_file' [-Wunused-variable]
     char *map_file = option_find_str(options, "map", 0);
           ^~~~~~~~
../src/yolov2.h:2181:11: warning: unused variable 'tree_file' [-Wunused-variable]
     char *tree_file = option_find_str(options, "tree", 0);
           ^~~~~~~~~
../src/yolov2.h: In function 'forward_reorg_layer':
../src/yolov2.h:2228:9: warning: unused variable 'i' [-Wunused-variable]
     int i;
         ^
../src/yolov2.h: In function 'make_reorg_layer':
../src/yolov2.h:2283:9: warning: unused variable 'output_size' [-Wunused-variable]
     int output_size = l.outputs * batch;
         ^~~~~~~~~~~
../src/yolov2.h: In function 'make_maxpool_layer':
../src/yolov2.h:2364:9: warning: unused variable 'output_size' [-Wunused-variable]
     int output_size = l.out_h * l.out_w * l.out_c * batch;
         ^~~~~~~~~~~
../src/yolov2.h: In function 'get_region_detections':
../src/yolov2.h:3017:17: warning: unused variable 'class_index' [-Wunused-variable]
             int class_index = entry_index(l, 0, n*l.w*l.h + i, l.coords + !l.background);
                 ^~~~~~~~~~~
In file included from ../src/helloworld.c:51:0:
../src/yolov2.h: In function 'yolov2_hls_ps':
../src/yolov2.h:3626:5: warning: implicit declaration of function 'YOLO2_FPGA' [-Wimplicit-function-declaration]
     YOLO2_FPGA(in_ptr[i],out_ptr[i],Weight_buf+woffset/2,Beta_buf+boffset/2,
     ^~~~~~~~~~
In file included from ../src/helloworld.c:51:0:
../src/yolov2.h:3604:3: warning: enumeration value 'DECONVOLUTIONAL' not handled in switch [-Wswitch]
   switch(l.type)
   ^~~~~~
../src/yolov2.h:3604:3: warning: enumeration value 'CONNECTED' not handled in switch [-Wswitch]
../src/yolov2.h:3604:3: warning: enumeration value 'SOFTMAX' not handled in switch [-Wswitch]
../src/yolov2.h:3604:3: warning: enumeration value 'DETECTION' not handled in switch [-Wswitch]
../src/yolov2.h:3604:3: warning: enumeration value 'DROPOUT' not handled in switch [-Wswitch]
../src/yolov2.h:3604:3: warning: enumeration value 'CROP' not handled in switch [-Wswitch]
../src/yolov2.h:3604:3: warning: enumeration value 'COST' not handled in switch [-Wswitch]
../src/yolov2.h:3604:3: warning: enumeration value 'NORMALIZATION' not handled in switch [-Wswitch]
../src/yolov2.h:3604:3: warning: enumeration value 'AVGPOOL' not handled in switch [-Wswitch]
../src/yolov2.h:3604:3: warning: enumeration value 'LOCAL' not handled in switch [-Wswitch]
../src/yolov2.h:3604:3: warning: enumeration value 'SHORTCUT' not handled in switch [-Wswitch]
../src/yolov2.h:3604:3: warning: enumeration value 'ACTIVE' not handled in switch [-Wswitch]
../src/yolov2.h:3604:3: warning: enumeration value 'RNN' not handled in switch [-Wswitch]
../src/yolov2.h:3604:3: warning: enumeration value 'GRU' not handled in switch [-Wswitch]
../src/yolov2.h:3604:3: warning: enumeration value 'LSTM' not handled in switch [-Wswitch]
../src/yolov2.h:3604:3: warning: enumeration value 'CRNN' not handled in switch [-Wswitch]
../src/yolov2.h:3604:3: warning: enumeration value 'BATCHNORM' not handled in switch [-Wswitch]
../src/yolov2.h:3604:3: warning: enumeration value 'NETWORK' not handled in switch [-Wswitch]
../src/yolov2.h:3604:3: warning: enumeration value 'XNOR' not handled in switch [-Wswitch]
../src/yolov2.h:3604:3: warning: enumeration value 'YOLO' not handled in switch [-Wswitch]
../src/yolov2.h:3604:3: warning: enumeration value 'UPSAMPLE' not handled in switch [-Wswitch]
../src/yolov2.h:3604:3: warning: enumeration value 'LOGXENT' not handled in switch [-Wswitch]
../src/yolov2.h:3604:3: warning: enumeration value 'L2NORM' not handled in switch [-Wswitch]
../src/yolov2.h:3604:3: warning: enumeration value 'BLANK' not handled in switch [-Wswitch]
../src/yolov2.h:3597:8: warning: unused variable 'offchip_factor' [-Wunused-variable]
  float offchip_factor = 1.5;
        ^~~~~~~~~~~~~~
'Finished building: ../src/helloworld.c'
' '
'Building file: ../src/platform.c'
'Invoking: ARM v7 gcc compiler'
arm-none-eabi-gcc -Wall -O0 -g3 -c -fmessage-length=0 -MT"src/platform.o" -mcpu=cortex-a9 -mfpu=vfpv3 -mfloat-abi=hard -I../../yolov2_coco_bsp/ps7_cortexa9_0/include -MMD -MP -MF"src/platform.d" -MT"src/platform.o" -o "src/platform.o" "../src/platform.c"
'Finished building: ../src/platform.c'
' '
'Building target: yolov2_coco.elf'
'Invoking: ARM v7 gcc linker'
arm-none-eabi-gcc -mcpu=cortex-a9 -mfpu=vfpv3 -mfloat-abi=hard -Wl,-build-id=none -specs=Xilinx.spec -Wl,-T -Wl,../src/lscript.ld -L../../yolov2_coco_bsp/ps7_cortexa9_0/lib -o "yolov2_coco.elf"  ./src/helloworld.o ./src/platform.o   -lm -Wl,--start-group,-lxil,-lgcc,-lc,--end-group
./src/helloworld.o: In function `yolov2_hls_ps':
F:\C_plus_prj\yolo3_sdk\YOLOv3_xilinx_SDK\yolov2_coco\Debug/../src/yolov2.h:3626: undefined reference to `YOLO2_FPGA'
F:\C_plus_prj\yolo3_sdk\YOLOv3_xilinx_SDK\yolov2_coco\Debug/../src/yolov2.h:3656: undefined reference to `YOLO2_FPGA'
F:\C_plus_prj\yolo3_sdk\YOLOv3_xilinx_SDK\yolov2_coco\Debug/../src/yolov2.h:3676: undefined reference to `YOLO2_FPGA'
e:/xilinx/sdk/2018.2/gnu/aarch32/nt/gcc-arm-none-eabi/bin/../arm-none-eabi/libc/usr/lib/v7-a/fpv3/hard\libc.a(lib_a-gettimeofdayr.o): In function `_gettimeofday_r':
/proj/esdt_sdk/gnu_abe/ABE/builds/lin/arm/arm-linux/snapshots/newlib-newlib-2_4_0/newlib/libc/reent/gettimeofdayr.c:71: undefined reference to `_gettimeofday'
collect2.exe: error: ld returned 1 exit status
make: *** [yolov2_coco.elf] ´íÎó 1
22:11:17 **** Auto Build of configuration Debug for project yolov2_coco ****
make pre-build main-build 
a9-linaro-pre-build-step
' '
'Building file: ../src/yolo_hw.c'
'Invoking: ARM v7 gcc compiler'
arm-none-eabi-gcc -Wall -O0 -g3 -c -fmessage-length=0 -MT"src/yolo_hw.o" -mcpu=cortex-a9 -mfpu=vfpv3 -mfloat-abi=hard -I../../yolov2_coco_bsp/ps7_cortexa9_0/include -MMD -MP -MF"src/yolo_hw.d" -MT"src/yolo_hw.o" -o "src/yolo_hw.o" "../src/yolo_hw.c"
'Finished building: ../src/yolo_hw.c'
' '
'Building target: yolov2_coco.elf'
'Invoking: ARM v7 gcc linker'
arm-none-eabi-gcc -mcpu=cortex-a9 -mfpu=vfpv3 -mfloat-abi=hard -Wl,-build-id=none -specs=Xilinx.spec -Wl,-T -Wl,../src/lscript.ld -L../../yolov2_coco_bsp/ps7_cortexa9_0/lib -o "yolov2_coco.elf"  ./src/helloworld.o ./src/platform.o ./src/yolo_hw.o   -lm -Wl,--start-group,-lxil,-lgcc,-lc,--end-group
./src/helloworld.o: In function `yolov2_hls_ps':
F:\C_plus_prj\yolo3_sdk\YOLOv3_xilinx_SDK\yolov2_coco\Debug/../src/yolov2.h:3626: undefined reference to `YOLO2_FPGA'
F:\C_plus_prj\yolo3_sdk\YOLOv3_xilinx_SDK\yolov2_coco\Debug/../src/yolov2.h:3656: undefined reference to `YOLO2_FPGA'
F:\C_plus_prj\yolo3_sdk\YOLOv3_xilinx_SDK\yolov2_coco\Debug/../src/yolov2.h:3676: undefined reference to `YOLO2_FPGA'
e:/xilinx/sdk/2018.2/gnu/aarch32/nt/gcc-arm-none-eabi/bin/../arm-none-eabi/libc/usr/lib/v7-a/fpv3/hard\libc.a(lib_a-gettimeofdayr.o): In function `_gettimeofday_r':
/proj/esdt_sdk/gnu_abe/ABE/builds/lin/arm/arm-linux/snapshots/newlib-newlib-2_4_0/newlib/libc/reent/gettimeofdayr.c:71: undefined reference to `_gettimeofday'
collect2.exe: error: ld returned 1 exit status
make: *** [yolov2_coco.elf] ´íÎó 1
22:11:27 **** Auto Build of configuration Debug for project yolov2_coco ****
make pre-build main-build 
a9-linaro-pre-build-step
' '
'Building target: yolov2_coco.elf'
'Invoking: ARM v7 gcc linker'
arm-none-eabi-gcc -mcpu=cortex-a9 -mfpu=vfpv3 -mfloat-abi=hard -Wl,-build-id=none -specs=Xilinx.spec -Wl,-T -Wl,../src/lscript.ld -L../../yolov2_coco_bsp/ps7_cortexa9_0/lib -o "yolov2_coco.elf"  ./src/helloworld.o ./src/platform.o ./src/yolo_hw.o   -lm -Wl,--start-group,-lxil,-lgcc,-lc,--end-group
./src/helloworld.o: In function `yolov2_hls_ps':
F:\C_plus_prj\yolo3_sdk\YOLOv3_xilinx_SDK\yolov2_coco\Debug/../src/yolov2.h:3626: undefined reference to `YOLO2_FPGA'
F:\C_plus_prj\yolo3_sdk\YOLOv3_xilinx_SDK\yolov2_coco\Debug/../src/yolov2.h:3656: undefined reference to `YOLO2_FPGA'
F:\C_plus_prj\yolo3_sdk\YOLOv3_xilinx_SDK\yolov2_coco\Debug/../src/yolov2.h:3676: undefined reference to `YOLO2_FPGA'
e:/xilinx/sdk/2018.2/gnu/aarch32/nt/gcc-arm-none-eabi/bin/../arm-none-eabi/libc/usr/lib/v7-a/fpv3/hard\libc.a(lib_a-gettimeofdayr.o): In function `_gettimeofday_r':
/proj/esdt_sdk/gnu_abe/ABE/builds/lin/arm/arm-linux/snapshots/newlib-newlib-2_4_0/newlib/libc/reent/gettimeofdayr.c:71: undefined reference to `_gettimeofday'
collect2.exe: error: ld returned 1 exit status
make: *** [yolov2_coco.elf] ´íÎó 1
22:14:02 **** Auto Build of configuration Debug for project yolov2_coco ****
make pre-build main-build 
a9-linaro-pre-build-step
' '
'Building target: yolov2_coco.elf'
'Invoking: ARM v7 gcc linker'
arm-none-eabi-gcc -mcpu=cortex-a9 -mfpu=vfpv3 -mfloat-abi=hard -Wl,-build-id=none -specs=Xilinx.spec -Wl,-T -Wl,../src/lscript.ld -L../../yolov2_coco_bsp/ps7_cortexa9_0/lib -o "yolov2_coco.elf"  ./src/helloworld.o ./src/platform.o ./src/yolo_hw.o   -lm -Wl,--start-group,-lxil,-lgcc,-lc,--end-group
./src/helloworld.o: In function `yolov2_hls_ps':
F:\C_plus_prj\yolo3_sdk\YOLOv3_xilinx_SDK\yolov2_coco\Debug/../src/yolov2.h:3626: undefined reference to `YOLO2_FPGA'
F:\C_plus_prj\yolo3_sdk\YOLOv3_xilinx_SDK\yolov2_coco\Debug/../src/yolov2.h:3656: undefined reference to `YOLO2_FPGA'
F:\C_plus_prj\yolo3_sdk\YOLOv3_xilinx_SDK\yolov2_coco\Debug/../src/yolov2.h:3676: undefined reference to `YOLO2_FPGA'
e:/xilinx/sdk/2018.2/gnu/aarch32/nt/gcc-arm-none-eabi/bin/../arm-none-eabi/libc/usr/lib/v7-a/fpv3/hard\libc.a(lib_a-gettimeofdayr.o): In function `_gettimeofday_r':
/proj/esdt_sdk/gnu_abe/ABE/builds/lin/arm/arm-linux/snapshots/newlib-newlib-2_4_0/newlib/libc/reent/gettimeofdayr.c:71: undefined reference to `_gettimeofday'
collect2.exe: error: ld returned 1 exit status
make: *** [yolov2_coco.elf] ´íÎó 1
22:14:04 **** Auto Build of configuration Debug for project yolov2_coco ****
make pre-build main-build 
a9-linaro-pre-build-step
' '
'Building target: yolov2_coco.elf'
'Invoking: ARM v7 gcc linker'
arm-none-eabi-gcc -mcpu=cortex-a9 -mfpu=vfpv3 -mfloat-abi=hard -Wl,-build-id=none -specs=Xilinx.spec -Wl,-T -Wl,../src/lscript.ld -L../../yolov2_coco_bsp/ps7_cortexa9_0/lib -o "yolov2_coco.elf"  ./src/helloworld.o ./src/platform.o ./src/yolo_hw.o   -lm -Wl,--start-group,-lxil,-lgcc,-lc,--end-group
./src/helloworld.o: In function `yolov2_hls_ps':
F:\C_plus_prj\yolo3_sdk\YOLOv3_xilinx_SDK\yolov2_coco\Debug/../src/yolov2.h:3626: undefined reference to `YOLO2_FPGA'
F:\C_plus_prj\yolo3_sdk\YOLOv3_xilinx_SDK\yolov2_coco\Debug/../src/yolov2.h:3656: undefined reference to `YOLO2_FPGA'
F:\C_plus_prj\yolo3_sdk\YOLOv3_xilinx_SDK\yolov2_coco\Debug/../src/yolov2.h:3676: undefined reference to `YOLO2_FPGA'
e:/xilinx/sdk/2018.2/gnu/aarch32/nt/gcc-arm-none-eabi/bin/../arm-none-eabi/libc/usr/lib/v7-a/fpv3/hard\libc.a(lib_a-gettimeofdayr.o): In function `_gettimeofday_r':
/proj/esdt_sdk/gnu_abe/ABE/builds/lin/arm/arm-linux/snapshots/newlib-newlib-2_4_0/newlib/libc/reent/gettimeofdayr.c:71: undefined reference to `_gettimeofday'
collect2.exe: error: ld returned 1 exit status
make: *** [yolov2_coco.elf] ´íÎó 1
23:33:54 **** Auto Build of configuration Debug for project yolov2_coco ****
make pre-build main-build 
a9-linaro-pre-build-step
' '
'Building target: yolov2_coco.elf'
'Invoking: ARM v7 gcc linker'
arm-none-eabi-gcc -mcpu=cortex-a9 -mfpu=vfpv3 -mfloat-abi=hard -Wl,-build-id=none -specs=Xilinx.spec -Wl,-T -Wl,../src/lscript.ld -L../../yolov2_coco_bsp/ps7_cortexa9_0/lib -o "yolov2_coco.elf"  ./src/helloworld.o ./src/platform.o ./src/yolo_hw.o   -lm -Wl,--start-group,-lxil,-lgcc,-lc,--end-group
./src/helloworld.o: In function `yolov2_hls_ps':
F:\C_plus_prj\yolo3_sdk\YOLOv3_xilinx_SDK\yolov2_coco\Debug/../src/yolov2.h:3626: undefined reference to `YOLO2_FPGA'
F:\C_plus_prj\yolo3_sdk\YOLOv3_xilinx_SDK\yolov2_coco\Debug/../src/yolov2.h:3656: undefined reference to `YOLO2_FPGA'
F:\C_plus_prj\yolo3_sdk\YOLOv3_xilinx_SDK\yolov2_coco\Debug/../src/yolov2.h:3676: undefined reference to `YOLO2_FPGA'
e:/xilinx/sdk/2018.2/gnu/aarch32/nt/gcc-arm-none-eabi/bin/../arm-none-eabi/libc/usr/lib/v7-a/fpv3/hard\libc.a(lib_a-gettimeofdayr.o): In function `_gettimeofday_r':
/proj/esdt_sdk/gnu_abe/ABE/builds/lin/arm/arm-linux/snapshots/newlib-newlib-2_4_0/newlib/libc/reent/gettimeofdayr.c:71: undefined reference to `_gettimeofday'
collect2.exe: error: ld returned 1 exit status
make: *** [yolov2_coco.elf] ´íÎó 1
